FAIL	github.com/luxfi/node/tests/e2e [setup failed]
FAIL	github.com/luxfi/node/chains	0.113s
FAIL
FAIL	github.com/luxfi/node/genesis	0.467s
FAIL	github.com/luxfi/node/network	0.031s
FAIL	github.com/luxfi/node/network/p2p [build failed]
FAIL	github.com/luxfi/node/network/p2p/gossip [build failed]
FAIL	github.com/luxfi/node/network/peer [build failed]
FAIL	github.com/luxfi/node/network/throttling [build failed]
FAIL
FAIL	github.com/luxfi/node/tests/fixture/tmpnet	0.221s
FAIL	github.com/luxfi/node/utils/logging [build failed]
FAIL
FAIL	github.com/luxfi/node/vms/platformvm/block	0.022s
FAIL	github.com/luxfi/node/vms/platformvm/block/builder [build failed]
FAIL	github.com/luxfi/node/vms/platformvm/block/executor [build failed]
FAIL	github.com/luxfi/node/vms/platformvm/network [build failed]
FAIL
FAIL	github.com/luxfi/node/vms/platformvm/signer	0.110s
FAIL	github.com/luxfi/node/vms/platformvm/state [build failed]
FAIL
FAIL	github.com/luxfi/node/vms/platformvm/txs	0.079s
FAIL	github.com/luxfi/node/vms/platformvm/txs/executor [build failed]
FAIL	github.com/luxfi/node/vms/platformvm/txs/mempool [build failed]
FAIL
FAIL	github.com/luxfi/node/vms/platformvm/utxo	0.108s
FAIL	github.com/luxfi/node/vms/platformvm/validators [build failed]
FAIL	github.com/luxfi/node/vms/proposervm [build failed]
FAIL	github.com/luxfi/node/vms/proposervm/indexer	0.098s
FAIL	github.com/luxfi/node/vms/registry	0.029s
FAIL	github.com/luxfi/node/vms/rpcchainvm [build failed]
FAIL	github.com/luxfi/node/vms/rpcchainvm/grpcutils [build failed]
FAIL
FAIL	github.com/luxfi/node/vms/secp256k1fx	0.017s
FAIL
FAIL	github.com/luxfi/node/vms/xvm	0.107s
FAIL	github.com/luxfi/node/vms/xvm/block/builder [build failed]
FAIL	github.com/luxfi/node/vms/xvm/block/executor	0.014s
FAIL
FAIL	github.com/luxfi/node/vms/xvm/txs	0.011s
FAIL	github.com/luxfi/node/vms/xvm/txs/executor	0.020s
FAIL
