# github.com/luxfi/node/api/admin
chains/manager.go:54:2: found packages subnets (config.go) and nets (pass_test.go) in /home/z/work/lux/node/nets
FAIL	github.com/luxfi/node/api/admin [setup failed]
# github.com/luxfi/node/api/info
chains/manager.go:54:2: found packages subnets (config.go) and nets (pass_test.go) in /home/z/work/lux/node/nets
FAIL	github.com/luxfi/node/api/info [setup failed]
# github.com/luxfi/node/api/warp
chains/manager.go:54:2: found packages subnets (config.go) and nets (pass_test.go) in /home/z/work/lux/node/nets
FAIL	github.com/luxfi/node/api/warp [setup failed]
# github.com/luxfi/node/app
chains/manager.go:54:2: found packages subnets (config.go) and nets (pass_test.go) in /home/z/work/lux/node/nets
FAIL	github.com/luxfi/node/app [setup failed]
# github.com/luxfi/node/chains
chains/manager.go:54:2: found packages subnets (config.go) and nets (pass_test.go) in /home/z/work/lux/node/nets
FAIL	github.com/luxfi/node/chains [setup failed]
# github.com/luxfi/node/config
chains/manager.go:54:2: found packages subnets (config.go) and nets (pass_test.go) in /home/z/work/lux/node/nets
FAIL	github.com/luxfi/node/config [setup failed]
# github.com/luxfi/node/genesis/generate/checkpoints
chains/manager.go:54:2: found packages subnets (config.go) and nets (pass_test.go) in /home/z/work/lux/node/nets
FAIL	github.com/luxfi/node/genesis/generate/checkpoints [setup failed]
# github.com/luxfi/node/genesis/generate/validators
chains/manager.go:54:2: found packages subnets (config.go) and nets (pass_test.go) in /home/z/work/lux/node/nets
FAIL	github.com/luxfi/node/genesis/generate/validators [setup failed]
# github.com/luxfi/node/indexer
chains/manager.go:54:2: found packages subnets (config.go) and nets (pass_test.go) in /home/z/work/lux/node/nets
FAIL	github.com/luxfi/node/indexer [setup failed]
# github.com/luxfi/node/indexer/examples/p-chain
chains/manager.go:54:2: found packages subnets (config.go) and nets (pass_test.go) in /home/z/work/lux/node/nets
FAIL	github.com/luxfi/node/indexer/examples/p-chain [setup failed]
# github.com/luxfi/node/indexer/examples/x-chain-blocks
chains/manager.go:54:2: found packages subnets (config.go) and nets (pass_test.go) in /home/z/work/lux/node/nets
FAIL	github.com/luxfi/node/indexer/examples/x-chain-blocks [setup failed]
# github.com/luxfi/node/main
chains/manager.go:54:2: found packages subnets (config.go) and nets (pass_test.go) in /home/z/work/lux/node/nets
FAIL	github.com/luxfi/node/main [setup failed]
# github.com/luxfi/node/nets
chains/manager.go:54:2: found packages subnets (config.go) and nets (pass_test.go) in /home/z/work/lux/node/nets
FAIL	github.com/luxfi/node/nets [setup failed]
# github.com/luxfi/node/network
chains/manager.go:54:2: found packages subnets (config.go) and nets (pass_test.go) in /home/z/work/lux/node/nets
FAIL	github.com/luxfi/node/network [setup failed]
# github.com/luxfi/node/node
chains/manager.go:54:2: found packages subnets (config.go) and nets (pass_test.go) in /home/z/work/lux/node/nets
FAIL	github.com/luxfi/node/node [setup failed]
# github.com/luxfi/node/tests/antithesis
chains/manager.go:54:2: found packages subnets (config.go) and nets (pass_test.go) in /home/z/work/lux/node/nets
FAIL	github.com/luxfi/node/tests/antithesis [setup failed]
# github.com/luxfi/node/tests/antithesis/avalanchego
chains/manager.go:54:2: found packages subnets (config.go) and nets (pass_test.go) in /home/z/work/lux/node/nets
FAIL	github.com/luxfi/node/tests/antithesis/avalanchego [setup failed]
# github.com/luxfi/node/tests/antithesis/avalanchego/gencomposeconfig
chains/manager.go:54:2: found packages subnets (config.go) and nets (pass_test.go) in /home/z/work/lux/node/nets
FAIL	github.com/luxfi/node/tests/antithesis/avalanchego/gencomposeconfig [setup failed]
# github.com/luxfi/node/tests/antithesis/luxd/gencomposeconfig
chains/manager.go:54:2: found packages subnets (config.go) and nets (pass_test.go) in /home/z/work/lux/node/nets
FAIL	github.com/luxfi/node/tests/antithesis/luxd/gencomposeconfig [setup failed]
# github.com/luxfi/node/tests/antithesis/xsvm/gencomposeconfig
chains/manager.go:54:2: found packages subnets (config.go) and nets (pass_test.go) in /home/z/work/lux/node/nets
FAIL	github.com/luxfi/node/tests/antithesis/xsvm/gencomposeconfig [setup failed]
# github.com/luxfi/node/tests/e2e
package github.com/luxfi/node/tests/e2e_test
	imports github.com/luxfi/node/tests/e2e/banff: build constraints exclude all Go files in /home/z/work/lux/node/tests/e2e/banff
FAIL	github.com/luxfi/node/tests/e2e [setup failed]
# github.com/luxfi/node/tests/e2e/p
chains/manager.go:54:2: found packages subnets (config.go) and nets (pass_test.go) in /home/z/work/lux/node/nets
FAIL	github.com/luxfi/node/tests/e2e/p [setup failed]
# github.com/luxfi/node/tests/fixture/bootstrapmonitor
chains/manager.go:54:2: found packages subnets (config.go) and nets (pass_test.go) in /home/z/work/lux/node/nets
FAIL	github.com/luxfi/node/tests/fixture/bootstrapmonitor [setup failed]
# github.com/luxfi/node/tests/fixture/bootstrapmonitor/cmd
chains/manager.go:54:2: found packages subnets (config.go) and nets (pass_test.go) in /home/z/work/lux/node/nets
FAIL	github.com/luxfi/node/tests/fixture/bootstrapmonitor/cmd [setup failed]
# github.com/luxfi/node/tests/fixture/bootstrapmonitor/e2e
chains/manager.go:54:2: found packages subnets (config.go) and nets (pass_test.go) in /home/z/work/lux/node/nets
FAIL	github.com/luxfi/node/tests/fixture/bootstrapmonitor/e2e [setup failed]
# github.com/luxfi/node/tests/fixture/e2e
chains/manager.go:54:2: found packages subnets (config.go) and nets (pass_test.go) in /home/z/work/lux/node/nets
FAIL	github.com/luxfi/node/tests/fixture/e2e [setup failed]
# github.com/luxfi/node/tests/fixture/subnet
chains/manager.go:54:2: found packages subnets (config.go) and nets (pass_test.go) in /home/z/work/lux/node/nets
FAIL	github.com/luxfi/node/tests/fixture/subnet [setup failed]
# github.com/luxfi/node/tests/fixture/tmpnet
chains/manager.go:54:2: found packages subnets (config.go) and nets (pass_test.go) in /home/z/work/lux/node/nets
FAIL	github.com/luxfi/node/tests/fixture/tmpnet [setup failed]
# github.com/luxfi/node/tests/fixture/tmpnet/cmd
chains/manager.go:54:2: found packages subnets (config.go) and nets (pass_test.go) in /home/z/work/lux/node/nets
FAIL	github.com/luxfi/node/tests/fixture/tmpnet/cmd [setup failed]
# github.com/luxfi/node/tests/fixture/tmpnet/flags
chains/manager.go:54:2: found packages subnets (config.go) and nets (pass_test.go) in /home/z/work/lux/node/nets
FAIL	github.com/luxfi/node/tests/fixture/tmpnet/flags [setup failed]
# github.com/luxfi/node/tests/fixture/tmpnet/local
chains/manager.go:54:2: found packages subnets (config.go) and nets (pass_test.go) in /home/z/work/lux/node/nets
FAIL	github.com/luxfi/node/tests/fixture/tmpnet/local [setup failed]
# github.com/luxfi/node/tests/fixture/tmpnet/tmpnetctl
chains/manager.go:54:2: found packages subnets (config.go) and nets (pass_test.go) in /home/z/work/lux/node/nets
FAIL	github.com/luxfi/node/tests/fixture/tmpnet/tmpnetctl [setup failed]
# github.com/luxfi/node/tests/integration
chains/manager.go:54:2: found packages subnets (config.go) and nets (pass_test.go) in /home/z/work/lux/node/nets
FAIL	github.com/luxfi/node/tests/integration [setup failed]
# github.com/luxfi/node/tests/load/main
chains/manager.go:54:2: found packages subnets (config.go) and nets (pass_test.go) in /home/z/work/lux/node/nets
FAIL	github.com/luxfi/node/tests/load/main [setup failed]
# github.com/luxfi/node/tests/poa
chains/manager.go:54:2: found packages subnets (config.go) and nets (pass_test.go) in /home/z/work/lux/node/nets
FAIL	github.com/luxfi/node/tests/poa [setup failed]
# github.com/luxfi/node/utils/iterator
chains/manager.go:54:2: found packages subnets (config.go) and nets (pass_test.go) in /home/z/work/lux/node/nets
FAIL	github.com/luxfi/node/utils/iterator [setup failed]
# github.com/luxfi/node/vms/example/xsvm/cmd/account
chains/manager.go:54:2: found packages subnets (config.go) and nets (pass_test.go) in /home/z/work/lux/node/nets
FAIL	github.com/luxfi/node/vms/example/xsvm/cmd/account [setup failed]
# github.com/luxfi/node/vms/example/xsvm/cmd/chain
chains/manager.go:54:2: found packages subnets (config.go) and nets (pass_test.go) in /home/z/work/lux/node/nets
FAIL	github.com/luxfi/node/vms/example/xsvm/cmd/chain [setup failed]
# github.com/luxfi/node/vms/example/xsvm/cmd/chain/create
chains/manager.go:54:2: found packages subnets (config.go) and nets (pass_test.go) in /home/z/work/lux/node/nets
FAIL	github.com/luxfi/node/vms/example/xsvm/cmd/chain/create [setup failed]
# github.com/luxfi/node/vms/example/xsvm/cmd/issue
chains/manager.go:54:2: found packages subnets (config.go) and nets (pass_test.go) in /home/z/work/lux/node/nets
FAIL	github.com/luxfi/node/vms/example/xsvm/cmd/issue [setup failed]
# github.com/luxfi/node/vms/example/xsvm/cmd/issue/export
chains/manager.go:54:2: found packages subnets (config.go) and nets (pass_test.go) in /home/z/work/lux/node/nets
FAIL	github.com/luxfi/node/vms/example/xsvm/cmd/issue/export [setup failed]
# github.com/luxfi/node/vms/example/xsvm/cmd/issue/importtx
chains/manager.go:54:2: found packages subnets (config.go) and nets (pass_test.go) in /home/z/work/lux/node/nets
FAIL	github.com/luxfi/node/vms/example/xsvm/cmd/issue/importtx [setup failed]
# github.com/luxfi/node/vms/example/xsvm/cmd/issue/transfer
chains/manager.go:54:2: found packages subnets (config.go) and nets (pass_test.go) in /home/z/work/lux/node/nets
FAIL	github.com/luxfi/node/vms/example/xsvm/cmd/issue/transfer [setup failed]
# github.com/luxfi/node/vms/example/xsvm/cmd/xsvm
chains/manager.go:54:2: found packages subnets (config.go) and nets (pass_test.go) in /home/z/work/lux/node/nets
FAIL	github.com/luxfi/node/vms/example/xsvm/cmd/xsvm [setup failed]
# github.com/luxfi/node/vms/platformvm
chains/manager.go:54:2: found packages subnets (config.go) and nets (pass_test.go) in /home/z/work/lux/node/nets
FAIL	github.com/luxfi/node/vms/platformvm [setup failed]
# github.com/luxfi/node/vms/platformvm/block/builder
chains/manager.go:54:2: found packages subnets (config.go) and nets (pass_test.go) in /home/z/work/lux/node/nets
FAIL	github.com/luxfi/node/vms/platformvm/block/builder [setup failed]
# github.com/luxfi/node/vms/platformvm/block/executor
chains/manager.go:54:2: found packages subnets (config.go) and nets (pass_test.go) in /home/z/work/lux/node/nets
FAIL	github.com/luxfi/node/vms/platformvm/block/executor [setup failed]
# github.com/luxfi/node/vms/platformvm/block/executor/executormock
chains/manager.go:54:2: found packages subnets (config.go) and nets (pass_test.go) in /home/z/work/lux/node/nets
FAIL	github.com/luxfi/node/vms/platformvm/block/executor/executormock [setup failed]
# github.com/luxfi/node/vms/platformvm/config
chains/manager.go:54:2: found packages subnets (config.go) and nets (pass_test.go) in /home/z/work/lux/node/nets
FAIL	github.com/luxfi/node/vms/platformvm/config [setup failed]
# github.com/luxfi/node/vms/platformvm/network
chains/manager.go:54:2: found packages subnets (config.go) and nets (pass_test.go) in /home/z/work/lux/node/nets
FAIL	github.com/luxfi/node/vms/platformvm/network [setup failed]
# github.com/luxfi/node/vms/platformvm/state
chains/manager.go:54:2: found packages subnets (config.go) and nets (pass_test.go) in /home/z/work/lux/node/nets
FAIL	github.com/luxfi/node/vms/platformvm/state [setup failed]
# github.com/luxfi/node/vms/platformvm/state/statetest
chains/manager.go:54:2: found packages subnets (config.go) and nets (pass_test.go) in /home/z/work/lux/node/nets
FAIL	github.com/luxfi/node/vms/platformvm/state/statetest [setup failed]
# github.com/luxfi/node/vms/platformvm/txs/builder
chains/manager.go:54:2: found packages subnets (config.go) and nets (pass_test.go) in /home/z/work/lux/node/nets
FAIL	github.com/luxfi/node/vms/platformvm/txs/builder [setup failed]
# github.com/luxfi/node/vms/platformvm/txs/executor
chains/manager.go:54:2: found packages subnets (config.go) and nets (pass_test.go) in /home/z/work/lux/node/nets
FAIL	github.com/luxfi/node/vms/platformvm/txs/executor [setup failed]
# github.com/luxfi/node/vms/platformvm/txs/txstest
chains/manager.go:54:2: found packages subnets (config.go) and nets (pass_test.go) in /home/z/work/lux/node/nets
FAIL	github.com/luxfi/node/vms/platformvm/txs/txstest [setup failed]
# github.com/luxfi/node/vms/platformvm/utxo
chains/manager.go:54:2: found packages subnets (config.go) and nets (pass_test.go) in /home/z/work/lux/node/nets
FAIL	github.com/luxfi/node/vms/platformvm/utxo [setup failed]
# github.com/luxfi/node/vms/platformvm/validators
chains/manager.go:54:2: found packages subnets (config.go) and nets (pass_test.go) in /home/z/work/lux/node/nets
FAIL	github.com/luxfi/node/vms/platformvm/validators [setup failed]
# github.com/luxfi/node/vms/platformvm/validators/validatorstest
chains/manager.go:54:2: found packages subnets (config.go) and nets (pass_test.go) in /home/z/work/lux/node/nets
FAIL	github.com/luxfi/node/vms/platformvm/validators/validatorstest [setup failed]
# github.com/luxfi/node/wallet/chain/c
chains/manager.go:54:2: found packages subnets (config.go) and nets (pass_test.go) in /home/z/work/lux/node/nets
FAIL	github.com/luxfi/node/wallet/chain/c [setup failed]
# github.com/luxfi/node/wallet/chain/p
chains/manager.go:54:2: found packages subnets (config.go) and nets (pass_test.go) in /home/z/work/lux/node/nets
FAIL	github.com/luxfi/node/wallet/chain/p [setup failed]
# github.com/luxfi/node/wallet/chain/p/builder
chains/manager.go:54:2: found packages subnets (config.go) and nets (pass_test.go) in /home/z/work/lux/node/nets
FAIL	github.com/luxfi/node/wallet/chain/p/builder [setup failed]
# github.com/luxfi/node/wallet/chain/p/wallet
chains/manager.go:54:2: found packages subnets (config.go) and nets (pass_test.go) in /home/z/work/lux/node/nets
FAIL	github.com/luxfi/node/wallet/chain/p/wallet [setup failed]
# github.com/luxfi/node/wallet/chain/x
chains/manager.go:54:2: found packages subnets (config.go) and nets (pass_test.go) in /home/z/work/lux/node/nets
FAIL	github.com/luxfi/node/wallet/chain/x [setup failed]
# github.com/luxfi/node/wallet/net/primary
chains/manager.go:54:2: found packages subnets (config.go) and nets (pass_test.go) in /home/z/work/lux/node/nets
FAIL	github.com/luxfi/node/wallet/net/primary [setup failed]
# github.com/luxfi/node/wallet/net/primary/examples/add-permissioned-subnet-validator
chains/manager.go:54:2: found packages subnets (config.go) and nets (pass_test.go) in /home/z/work/lux/node/nets
FAIL	github.com/luxfi/node/wallet/net/primary/examples/add-permissioned-subnet-validator [setup failed]
# github.com/luxfi/node/wallet/net/primary/examples/add-primary-validator
chains/manager.go:54:2: found packages subnets (config.go) and nets (pass_test.go) in /home/z/work/lux/node/nets
FAIL	github.com/luxfi/node/wallet/net/primary/examples/add-primary-validator [setup failed]
# github.com/luxfi/node/wallet/net/primary/examples/c-chain-export
chains/manager.go:54:2: found packages subnets (config.go) and nets (pass_test.go) in /home/z/work/lux/node/nets
FAIL	github.com/luxfi/node/wallet/net/primary/examples/c-chain-export [setup failed]
# github.com/luxfi/node/wallet/net/primary/examples/c-chain-import
chains/manager.go:54:2: found packages subnets (config.go) and nets (pass_test.go) in /home/z/work/lux/node/nets
FAIL	github.com/luxfi/node/wallet/net/primary/examples/c-chain-import [setup failed]
# github.com/luxfi/node/wallet/net/primary/examples/convert-subnet-to-l1
chains/manager.go:54:2: found packages subnets (config.go) and nets (pass_test.go) in /home/z/work/lux/node/nets
FAIL	github.com/luxfi/node/wallet/net/primary/examples/convert-subnet-to-l1 [setup failed]
# github.com/luxfi/node/wallet/net/primary/examples/create-asset
chains/manager.go:54:2: found packages subnets (config.go) and nets (pass_test.go) in /home/z/work/lux/node/nets
FAIL	github.com/luxfi/node/wallet/net/primary/examples/create-asset [setup failed]
# github.com/luxfi/node/wallet/net/primary/examples/create-chain
chains/manager.go:54:2: found packages subnets (config.go) and nets (pass_test.go) in /home/z/work/lux/node/nets
FAIL	github.com/luxfi/node/wallet/net/primary/examples/create-chain [setup failed]
# github.com/luxfi/node/wallet/net/primary/examples/create-locked-stakeable
chains/manager.go:54:2: found packages subnets (config.go) and nets (pass_test.go) in /home/z/work/lux/node/nets
FAIL	github.com/luxfi/node/wallet/net/primary/examples/create-locked-stakeable [setup failed]
# github.com/luxfi/node/wallet/net/primary/examples/create-subnet
chains/manager.go:54:2: found packages subnets (config.go) and nets (pass_test.go) in /home/z/work/lux/node/nets
FAIL	github.com/luxfi/node/wallet/net/primary/examples/create-subnet [setup failed]
# github.com/luxfi/node/wallet/net/primary/examples/disable-l1-validator
chains/manager.go:54:2: found packages subnets (config.go) and nets (pass_test.go) in /home/z/work/lux/node/nets
FAIL	github.com/luxfi/node/wallet/net/primary/examples/disable-l1-validator [setup failed]
# github.com/luxfi/node/wallet/net/primary/examples/get-p-chain-balance
chains/manager.go:54:2: found packages subnets (config.go) and nets (pass_test.go) in /home/z/work/lux/node/nets
FAIL	github.com/luxfi/node/wallet/net/primary/examples/get-p-chain-balance [setup failed]
# github.com/luxfi/node/wallet/net/primary/examples/get-x-chain-balance
chains/manager.go:54:2: found packages subnets (config.go) and nets (pass_test.go) in /home/z/work/lux/node/nets
FAIL	github.com/luxfi/node/wallet/net/primary/examples/get-x-chain-balance [setup failed]
# github.com/luxfi/node/wallet/net/primary/examples/increase-l1-validator-balance
chains/manager.go:54:2: found packages subnets (config.go) and nets (pass_test.go) in /home/z/work/lux/node/nets
FAIL	github.com/luxfi/node/wallet/net/primary/examples/increase-l1-validator-balance [setup failed]
# github.com/luxfi/node/wallet/net/primary/examples/register-l1-validator
chains/manager.go:54:2: found packages subnets (config.go) and nets (pass_test.go) in /home/z/work/lux/node/nets
FAIL	github.com/luxfi/node/wallet/net/primary/examples/register-l1-validator [setup failed]
# github.com/luxfi/node/wallet/net/primary/examples/remove-subnet-validator
chains/manager.go:54:2: found packages subnets (config.go) and nets (pass_test.go) in /home/z/work/lux/node/nets
FAIL	github.com/luxfi/node/wallet/net/primary/examples/remove-subnet-validator [setup failed]
# github.com/luxfi/node/wallet/net/primary/examples/set-l1-validator-weight
chains/manager.go:54:2: found packages subnets (config.go) and nets (pass_test.go) in /home/z/work/lux/node/nets
FAIL	github.com/luxfi/node/wallet/net/primary/examples/set-l1-validator-weight [setup failed]
# github.com/luxfi/node/wallet/net/primary/examples/sign-l1-validator-registration
chains/manager.go:54:2: found packages subnets (config.go) and nets (pass_test.go) in /home/z/work/lux/node/nets
FAIL	github.com/luxfi/node/wallet/net/primary/examples/sign-l1-validator-registration [setup failed]
# github.com/luxfi/node/wallet/net/primary/examples/sign-l1-validator-removal-genesis
chains/manager.go:54:2: found packages subnets (config.go) and nets (pass_test.go) in /home/z/work/lux/node/nets
FAIL	github.com/luxfi/node/wallet/net/primary/examples/sign-l1-validator-removal-genesis [setup failed]
# github.com/luxfi/node/wallet/net/primary/examples/sign-l1-validator-removal-registration
chains/manager.go:54:2: found packages subnets (config.go) and nets (pass_test.go) in /home/z/work/lux/node/nets
FAIL	github.com/luxfi/node/wallet/net/primary/examples/sign-l1-validator-removal-registration [setup failed]
# github.com/luxfi/node/wallet/net/primary/examples/sign-l1-validator-weight-update
chains/manager.go:54:2: found packages subnets (config.go) and nets (pass_test.go) in /home/z/work/lux/node/nets
FAIL	github.com/luxfi/node/wallet/net/primary/examples/sign-l1-validator-weight-update [setup failed]
# github.com/luxfi/node/wallet/net/primary/examples/sign-subnet-to-l1-conversion
chains/manager.go:54:2: found packages subnets (config.go) and nets (pass_test.go) in /home/z/work/lux/node/nets
FAIL	github.com/luxfi/node/wallet/net/primary/examples/sign-subnet-to-l1-conversion [setup failed]
ok  	github.com/luxfi/node	0.007s
?   	github.com/luxfi/node/api	[no test files]
# github.com/luxfi/node/network/p2p/p2ptest [github.com/luxfi/node/network/p2p/p2ptest.test]
network/p2p/p2ptest/client_test.go:37:65: cannot use set.Of(nodeID) (value of map type "github.com/luxfi/consensus/utils/set".Set[ids.NodeID]) as []interface{} value in struct literal
# github.com/luxfi/node/network/p2p/gossip [github.com/luxfi/node/network/p2p/gossip.test]
network/p2p/gossip/gossip_test.go:16:2: "github.com/luxfi/consensus/core" imported and not used
network/p2p/gossip/gossip_test.go:111:64: cannot use responseSender (variable of type *FakeSender) as core.AppSender value in argument to p2p.NewNetwork: *FakeSender does not implement appsender.AppSender (missing method SendAppError)
network/p2p/gossip/gossip_test.go:141:63: cannot use requestSender (variable of type *FakeSender) as core.AppSender value in argument to p2p.NewNetwork: *FakeSender does not implement appsender.AppSender (missing method SendAppError)
network/p2p/gossip/gossip_test.go:518:5: cannot use sender (variable of type *FakeSender) as core.AppSender value in argument to p2p.NewNetwork: *FakeSender does not implement appsender.AppSender (missing method SendAppError)
network/p2p/gossip/gossip_test.go:528:21: undefined: validatorstest.State
# github.com/luxfi/node/network/p2p [github.com/luxfi/node/network/p2p.test]
network/p2p/network_test.go:36:3: undefined: FakeSender
network/p2p/network_test.go:90:43: cannot use nodeID (variable of array type ids.NodeID) as "github.com/luxfi/consensus/utils/set".Set[ids.NodeID] value in argument to s.SenderTest.SendAppRequest
network/p2p/network_test.go:104:41: not enough arguments in call to s.SenderTest.SendAppGossip
	have ("context".Context, []byte)
	want ("context".Context, "github.com/luxfi/consensus/utils/set".Set[ids.NodeID], []byte)
network/p2p/network_test.go:113:49: cannot use nodeSet (variable of map type "github.com/luxfi/node/utils/set".Set[ids.NodeID]) as "github.com/luxfi/consensus/utils/set".Set[ids.NodeID] value in argument to s.SenderTest.SendAppGossipSpecific
network/p2p/network_test.go:158:17: undefined: FakeSender
network/p2p/network_test.go:194:17: undefined: FakeSender
network/p2p/network_test.go:254:17: undefined: FakeSender
network/p2p/network_test.go:291:20: cannot use func(ctx context.Context, _ ids.NodeID, _ uint32, msgBytes []byte) error {…} (value of type func(ctx "context".Context, _ ids.NodeID, _ uint32, msgBytes []byte) error) as func("context".Context, "github.com/luxfi/consensus/utils/set".Set[ids.NodeID], uint32, []byte) error value in struct literal
network/p2p/network_test.go:332:17: undefined: FakeSender
network/p2p/network_test.go:363:17: undefined: FakeSender
network/p2p/network_test.go:363:17: too many errors
# github.com/luxfi/node/network/peer [github.com/luxfi/node/network/peer.test]
network/peer/example_test.go:30:29: cannot convert func(_ context.Context, msgIntf interface{}) {…} (value of type func(_ context.Context, msgIntf interface{})) to type router.InboundHandlerFunc
network/peer/peer_test.go:82:3: not enough arguments in call to tracker.NewResourceTracker
	have ("github.com/luxfi/metric".Registry, *noOpResourceManager, time.Duration)
	want (interface{}, "github.com/luxfi/consensus/networking/tracker".ProcessTracker, time.Duration, time.Duration, "github.com/luxfi/consensus/networking/tracker".Targeter, "github.com/luxfi/consensus/networking/tracker".Targeter, interface{})
network/peer/peer_test.go:104:25: uptime.NoOpCalculator (type) is not an expression
network/peer/peer_test.go:133:44: cannot convert func(_ context.Context, msg interface{}) {…} (value of type func(_ context.Context, msg interface{})) to type router.InboundHandlerFunc
# github.com/luxfi/node/upgrade [github.com/luxfi/node/upgrade.test]
upgrade/upgrade_test.go:33:40: upgradeTest.upgrade.Validate undefined (type Config has no field or method Validate)
upgrade/upgrade_test.go:46:17: upgrade.Validate undefined (type Config has no field or method Validate)
ok  	github.com/luxfi/node/api/auth	1.460s
?   	github.com/luxfi/node/api/connectclient	[no test files]
ok  	github.com/luxfi/node/api/health	0.033s
ok  	github.com/luxfi/node/api/keystore	1.185s
?   	github.com/luxfi/node/api/keystore/gkeystore	[no test files]
ok  	github.com/luxfi/node/api/metrics	0.008s
--- FAIL: TestRejectMiddleware (0.00s)
    --- FAIL: TestRejectMiddleware/chain_is_state_syncing (0.00s)
        server_test.go:47: 
            	Error Trace:	/home/z/work/lux/node/api/server/server_test.go:47
            	            				/home/z/go/pkg/mod/golang.org/toolchain@v0.0.1-go1.24.6.linux-amd64/src/net/http/server.go:2294
            	            				/home/z/work/lux/node/api/server/server.go:273
            	            				/home/z/go/pkg/mod/golang.org/toolchain@v0.0.1-go1.24.6.linux-amd64/src/net/http/server.go:2294
            	            				/home/z/work/lux/node/api/server/server_test.go:86
            	            				/home/z/go/pkg/mod/golang.org/toolchain@v0.0.1-go1.24.6.linux-amd64/src/runtime/asm_amd64.s:1700
            	Error:      	shouldn't have called handler
            	Test:       	TestRejectMiddleware/chain_is_state_syncing
    --- FAIL: TestRejectMiddleware/chain_is_bootstrapping (0.00s)
        server_test.go:57: 
            	Error Trace:	/home/z/work/lux/node/api/server/server_test.go:57
            	            				/home/z/go/pkg/mod/golang.org/toolchain@v0.0.1-go1.24.6.linux-amd64/src/net/http/server.go:2294
            	            				/home/z/work/lux/node/api/server/server.go:273
            	            				/home/z/go/pkg/mod/golang.org/toolchain@v0.0.1-go1.24.6.linux-amd64/src/net/http/server.go:2294
            	            				/home/z/work/lux/node/api/server/server_test.go:86
            	            				/home/z/go/pkg/mod/golang.org/toolchain@v0.0.1-go1.24.6.linux-amd64/src/runtime/asm_amd64.s:1700
            	Error:      	shouldn't have called handler
            	Test:       	TestRejectMiddleware/chain_is_bootstrapping
FAIL
FAIL	github.com/luxfi/node/api/server	0.024s
?   	github.com/luxfi/node/benchlist	[no test files]
ok  	github.com/luxfi/node/benchmarks	0.009s [no tests to run]
ok  	github.com/luxfi/node/cache	0.009s
?   	github.com/luxfi/node/cache/cachetest	[no test files]
ok  	github.com/luxfi/node/cache/lru	0.008s
?   	github.com/luxfi/node/cache/metercacher	[no test files]
ok  	github.com/luxfi/node/chains/atomic	0.009s
?   	github.com/luxfi/node/chains/atomic/atomicmock	[no test files]
?   	github.com/luxfi/node/chains/atomic/atomictest	[no test files]
?   	github.com/luxfi/node/chains/atomic/gsharedmemory	[no test files]
?   	github.com/luxfi/node/cmd/check_status	[no test files]
?   	github.com/luxfi/node/cmd/check_vmid	[no test files]
?   	github.com/luxfi/node/cmd/convert-db	[no test files]
?   	github.com/luxfi/node/cmd/extract_genesis	[no test files]
?   	github.com/luxfi/node/cmd/migrate-db	[no test files]
?   	github.com/luxfi/node/cmd/quick-check	[no test files]
?   	github.com/luxfi/node/cmd/quick_check	[no test files]
ok  	github.com/luxfi/node/codec	0.006s [no tests to run]
?   	github.com/luxfi/node/codec/codecmock	[no test files]
?   	github.com/luxfi/node/codec/codectest	[no test files]
?   	github.com/luxfi/node/codec/hierarchycodec	[no test files]
?   	github.com/luxfi/node/codec/linearcodec	[no test files]
ok  	github.com/luxfi/node/codec/reflectcodec	0.011s
ok  	github.com/luxfi/node/config/node	0.009s
?   	github.com/luxfi/node/connectproto/pb/xsvm	[no test files]
?   	github.com/luxfi/node/connectproto/pb/xsvm/xsvmconnect	[no test files]
ok  	github.com/luxfi/node/consensus	0.012s
?   	github.com/luxfi/node/consensus/consensustest	[no test files]
?   	github.com/luxfi/node/consensus/engine/chain/block	[no test files]
?   	github.com/luxfi/node/consensus/engine/common	[no test files]
?   	github.com/luxfi/node/consensus/networking/router	[no test files]
?   	github.com/luxfi/node/consensus/networking/tracker	[no test files]
?   	github.com/luxfi/node/consensus/validators	[no test files]
?   	github.com/luxfi/node/consensus/validators/validatorsmock	[no test files]
?   	github.com/luxfi/node/consensus/validators/validatorstest	[no test files]
?   	github.com/luxfi/node/database/badgerdb	[no test files]
?   	github.com/luxfi/node/database/leveldb	[no test files]
?   	github.com/luxfi/node/database/memdb	[no test files]
?   	github.com/luxfi/node/database/migration	[no test files]
?   	github.com/luxfi/node/database/prefixdb	[no test files]
?   	github.com/luxfi/node/db/rpcdb	[no test files]
?   	github.com/luxfi/node/evm/common	[no test files]
?   	github.com/luxfi/node/evm/common/math	[no test files]
?   	github.com/luxfi/node/evm/core	[no test files]
?   	github.com/luxfi/node/evm/ethclient	[no test files]
ok  	github.com/luxfi/node/gas	0.011s
ok  	github.com/luxfi/node/genesis	0.055s
ok  	github.com/luxfi/node/ids/galiasreader	0.023s
ok  	github.com/luxfi/node/message	0.028s
?   	github.com/luxfi/node/message/messagemock	[no test files]
?   	github.com/luxfi/node/nat	[no test files]
ok  	github.com/luxfi/node/network/dialer	0.009s
FAIL	github.com/luxfi/node/network/p2p [build failed]
FAIL	github.com/luxfi/node/network/p2p/gossip [build failed]
# github.com/luxfi/node/utils/tree [github.com/luxfi/node/utils/tree.test]
utils/tree/tree_test.go:22:24: cannot use block (variable of type *chaintest.TestBlock) as chain.Block value in argument to tr.Get: *chaintest.TestBlock does not implement chain.Block (missing method ParentID)
utils/tree/tree_test.go:25:9: cannot use block (variable of type *chaintest.TestBlock) as chain.Block value in argument to tr.Add: *chaintest.TestBlock does not implement chain.Block (missing method ParentID)
utils/tree/tree_test.go:27:23: cannot use block (variable of type *chaintest.TestBlock) as chain.Block value in argument to tr.Get: *chaintest.TestBlock does not implement chain.Block (missing method ParentID)
utils/tree/tree_test.go:30:50: cannot use block (variable of type *chaintest.TestBlock) as chain.Block value in argument to tr.Accept: *chaintest.TestBlock does not implement chain.Block (missing method ParentID)
utils/tree/tree_test.go:31:30: undefined: consensustest.Accepted
utils/tree/tree_test.go:31:46: block.Status undefined (type *chaintest.TestBlock has no field or method Status)
utils/tree/tree_test.go:33:23: cannot use block (variable of type *chaintest.TestBlock) as chain.Block value in argument to tr.Get: *chaintest.TestBlock does not implement chain.Block (missing method ParentID)
utils/tree/tree_test.go:46:9: cannot use blockToAccept (variable of type *chaintest.TestBlock) as chain.Block value in argument to tr.Add: *chaintest.TestBlock does not implement chain.Block (missing method ParentID)
utils/tree/tree_test.go:47:24: cannot use blockToAccept (variable of type *chaintest.TestBlock) as chain.Block value in argument to tr.Get: *chaintest.TestBlock does not implement chain.Block (missing method ParentID)
utils/tree/tree_test.go:50:9: cannot use blockToReject (variable of type *chaintest.TestBlock) as chain.Block value in argument to tr.Add: *chaintest.TestBlock does not implement chain.Block (missing method ParentID)
utils/tree/tree_test.go:50:9: too many errors
# github.com/luxfi/node/vms/components/chain/blocktest
vms/components/chain/blocktest/block.go:114:23: impossible type assertion: parent.(*chain.TestBlock)
	*"github.com/luxfi/node/vms/components/chain".TestBlock does not implement "github.com/luxfi/node/vms/components/chain".Block (wrong type for method Status)
		have Status() "github.com/luxfi/node/vms/components/chain".Status
		want Status() uint8
vms/components/chain/blocktest/block.go:116:31: impossible type assertion: parent.(*Block)
	*Block does not implement "github.com/luxfi/node/vms/components/chain".Block (wrong type for method Status)
		have Status() "github.com/luxfi/node/vms/components/chain".Status
		want Status() uint8
# github.com/luxfi/node/vms/components/chain [github.com/luxfi/node/vms/components/chain.test]
vms/components/chain/state_test.go:36:13: undefined: blocktest.Block
vms/components/chain/state_test.go:45:35: undefined: consensustest.Accepted
vms/components/chain/state_test.go:47:35: undefined: consensustest.Rejected
vms/components/chain/state_test.go:64:57: undefined: blocktest.Block
vms/components/chain/state_test.go:67:20: undefined: blocktest.Block
vms/components/chain/state_test.go:68:28: undefined: consensustest.Decidable
vms/components/chain/state_test.go:79:51: undefined: blocktest.Block
vms/components/chain/state_test.go:80:28: undefined: blocktest.Block
vms/components/chain/state_test.go:92:40: undefined: blocktest.Block
vms/components/chain/state_test.go:96:49: undefined: blocktest.Block
vms/components/chain/state_test.go:80:28: too many errors
# github.com/luxfi/node/vms/components/verify [github.com/luxfi/node/vms/components/verify.test]
vms/components/verify/subnet_test.go:20:24: undefined: validatorsmock.State
vms/components/verify/subnet_test.go:64:29: undefined: validatorsmock.NewState
vms/components/verify/subnet_test.go:72:45: cannot use adapter (variable of type *validatorStateAdapter) as "github.com/luxfi/consensus/context".ValidatorState value in argument to consensus.WithValidatorState: *validatorStateAdapter does not implement "github.com/luxfi/consensus/context".ValidatorState (missing method GetChainID)
vms/components/verify/subnet_test.go:81:29: undefined: validatorsmock.NewState
vms/components/verify/subnet_test.go:92:45: cannot use adapter (variable of type *validatorStateAdapter) as "github.com/luxfi/consensus/context".ValidatorState value in argument to consensus.WithValidatorState: *validatorStateAdapter does not implement "github.com/luxfi/consensus/context".ValidatorState (missing method GetChainID)
vms/components/verify/subnet_test.go:101:29: undefined: validatorsmock.NewState
vms/components/verify/subnet_test.go:112:45: cannot use adapter (variable of type *validatorStateAdapter) as "github.com/luxfi/consensus/context".ValidatorState value in argument to consensus.WithValidatorState: *validatorStateAdapter does not implement "github.com/luxfi/consensus/context".ValidatorState (missing method GetChainID)
vms/components/verify/subnet_test.go:121:29: undefined: validatorsmock.NewState
vms/components/verify/subnet_test.go:132:45: cannot use adapter (variable of type *validatorStateAdapter) as "github.com/luxfi/consensus/context".ValidatorState value in argument to consensus.WithValidatorState: *validatorStateAdapter does not implement "github.com/luxfi/consensus/context".ValidatorState (missing method GetChainID)
ok  	github.com/luxfi/node/network/p2p/lp118	0.418s
?   	github.com/luxfi/node/network/p2p/mocks	[no test files]
FAIL	github.com/luxfi/node/network/p2p/p2ptest [build failed]
FAIL	github.com/luxfi/node/network/peer [build failed]
# github.com/luxfi/node/vms/evm/metrics/prometheus_test [github.com/luxfi/node/vms/evm/metrics/prometheus.test]
vms/evm/metrics/prometheus/enabled_test.go:20:25: undefined: metric.Enabled
vms/evm/metrics/prometheus/enabled_test.go:21:29: undefined: metric.StandardCounter
vms/evm/metrics/prometheus/enabled_test.go:21:52: not enough arguments in call to metric.NewCounter
	have ()
	want (string)
# github.com/luxfi/node/vms/evm/metrics/prometheus [github.com/luxfi/node/vms/evm/metrics/prometheus.test]
vms/evm/metrics/prometheus/prometheus_test.go:73:21: undefined: metric.NewRegistry
vms/evm/metrics/prometheus/prometheus_test.go:96:36: undefined: metric.NewHealthcheck
vms/evm/metrics/prometheus/prometheus_test.go:103:13: not enough arguments in call to metric.NewCounter
	have ()
	want (string)
vms/evm/metrics/prometheus/prometheus_test.go:104:14: too many arguments in call to counter.Inc
	have (number)
	want ()
vms/evm/metrics/prometheus/prometheus_test.go:107:27: undefined: metric.NewCounterFloat64
vms/evm/metrics/prometheus/prometheus_test.go:111:11: not enough arguments in call to metric.NewGauge
	have ()
	want (string)
vms/evm/metrics/prometheus/prometheus_test.go:112:8: gauge.Update undefined (type metric.Gauge has no field or method Update)
vms/evm/metrics/prometheus/prometheus_test.go:115:25: undefined: metric.NewGaugeFloat64
vms/evm/metrics/prometheus/prometheus_test.go:119:22: undefined: metric.NewGaugeInfo
vms/evm/metrics/prometheus/prometheus_test.go:120:26: undefined: metric.GaugeInfoValue
vms/evm/metrics/prometheus/prometheus_test.go:120:26: too many errors
# github.com/luxfi/node/vms/example/xsvm/api
vms/example/xsvm/api/server.go:207:34: undefined: consensus.GetWarpSigner
# github.com/luxfi/node/vms/platformvm/warp [github.com/luxfi/node/vms/platformvm/warp.test]
vms/platformvm/warp/signature_test.go:48:17: v.state.GetNetID undefined (type validators.State has no field or method GetNetID)
vms/platformvm/warp/signature_test.go:82:29: undefined: validatorsmock.State
vms/platformvm/warp/signature_test.go:116:29: undefined: validatorsmock.State
vms/platformvm/warp/signature_test.go:153:29: undefined: validatorsmock.State
vms/platformvm/warp/signature_test.go:161:20: cannot use pk0 (variable of type *"github.com/luxfi/crypto/bls".PublicKey) as []byte value in struct literal
vms/platformvm/warp/signature_test.go:166:20: cannot use pk1 (variable of type *"github.com/luxfi/crypto/bls".PublicKey) as []byte value in struct literal
vms/platformvm/warp/signature_test.go:198:29: undefined: validatorsmock.State
vms/platformvm/warp/signature_test.go:206:20: cannot use pk0 (variable of type *"github.com/luxfi/crypto/bls".PublicKey) as []byte value in struct literal
vms/platformvm/warp/signature_test.go:243:29: undefined: validatorsmock.State
vms/platformvm/warp/signature_test.go:251:20: cannot use pk0 (variable of type *"github.com/luxfi/crypto/bls".PublicKey) as []byte value in struct literal
vms/platformvm/warp/signature_test.go:251:20: too many errors
# github.com/luxfi/node/vms/proposervm/tree [github.com/luxfi/node/vms/proposervm/tree.test]
vms/proposervm/tree/tree_test.go:22:24: cannot use block (variable of type *chaintest.TestBlock) as chain.Block value in argument to tr.Get: *chaintest.TestBlock does not implement chain.Block (missing method ParentID)
vms/proposervm/tree/tree_test.go:25:9: cannot use block (variable of type *chaintest.TestBlock) as chain.Block value in argument to tr.Add: *chaintest.TestBlock does not implement chain.Block (missing method ParentID)
vms/proposervm/tree/tree_test.go:27:23: cannot use block (variable of type *chaintest.TestBlock) as chain.Block value in argument to tr.Get: *chaintest.TestBlock does not implement chain.Block (missing method ParentID)
vms/proposervm/tree/tree_test.go:30:50: cannot use block (variable of type *chaintest.TestBlock) as chain.Block value in argument to tr.Accept: *chaintest.TestBlock does not implement chain.Block (missing method ParentID)
vms/proposervm/tree/tree_test.go:31:30: undefined: consensustest.Accepted
vms/proposervm/tree/tree_test.go:31:46: block.Status undefined (type *chaintest.TestBlock has no field or method Status)
vms/proposervm/tree/tree_test.go:33:23: cannot use block (variable of type *chaintest.TestBlock) as chain.Block value in argument to tr.Get: *chaintest.TestBlock does not implement chain.Block (missing method ParentID)
vms/proposervm/tree/tree_test.go:46:9: cannot use blockToAccept (variable of type *chaintest.TestBlock) as chain.Block value in argument to tr.Add: *chaintest.TestBlock does not implement chain.Block (missing method ParentID)
vms/proposervm/tree/tree_test.go:47:24: cannot use blockToAccept (variable of type *chaintest.TestBlock) as chain.Block value in argument to tr.Get: *chaintest.TestBlock does not implement chain.Block (missing method ParentID)
vms/proposervm/tree/tree_test.go:50:9: cannot use blockToReject (variable of type *chaintest.TestBlock) as chain.Block value in argument to tr.Add: *chaintest.TestBlock does not implement chain.Block (missing method ParentID)
vms/proposervm/tree/tree_test.go:50:9: too many errors
# github.com/luxfi/node/vms/proposervm/proposer [github.com/luxfi/node/vms/proposervm/proposer.test]
vms/proposervm/proposer/windower_test.go:61:30: undefined: validatorstest.State
vms/proposervm/proposer/windower_test.go:448:77: undefined: validatorstest.State
vms/proposervm/proposer/windower_test.go:454:30: undefined: validatorstest.State
# github.com/luxfi/node/vms/proposervm/scheduler [github.com/luxfi/node/vms/proposervm/scheduler.test]
vms/proposervm/scheduler/scheduler_test.go:19:24: cannot use toEngine (variable of type chan core.Message) as chan<- core.MessageType value in argument to New
vms/proposervm/scheduler/scheduler_test.go:34:24: cannot use toEngine (variable of type chan core.Message) as chan<- core.MessageType value in argument to New
vms/proposervm/scheduler/scheduler_test.go:51:24: cannot use toEngine (variable of type chan core.Message) as chan<- core.MessageType value in argument to New
# github.com/luxfi/node/vms/proposervm/indexer [github.com/luxfi/node/vms/proposervm/indexer.test]
vms/proposervm/indexer/height_indexer_test.go:56:29: undefined: chaintest.Block
vms/proposervm/indexer/height_indexer_test.go:57:29: undefined: consensustest.Decidable
vms/proposervm/indexer/height_indexer_test.go:59:27: undefined: consensustest.Accepted
vms/proposervm/indexer/height_indexer_test.go:136:29: undefined: chaintest.Block
vms/proposervm/indexer/height_indexer_test.go:137:29: undefined: consensustest.Decidable
vms/proposervm/indexer/height_indexer_test.go:139:27: undefined: consensustest.Accepted
vms/proposervm/indexer/height_indexer_test.go:220:29: undefined: chaintest.Block
vms/proposervm/indexer/height_indexer_test.go:221:29: undefined: consensustest.Decidable
vms/proposervm/indexer/height_indexer_test.go:223:27: undefined: consensustest.Accepted
# github.com/luxfi/node/vms/registry [github.com/luxfi/node/vms/registry.test]
vms/registry/vm_getter_test.go:150:3: undefined: metric
vms/registry/vm_registerer_test.go:59:14: undefined: block.NewMockChainVM
vms/registry/vm_registerer_test.go:76:14: undefined: block.NewMockChainVM
vms/registry/vm_registerer_test.go:93:14: undefined: block.NewMockChainVM
vms/registry/vm_registerer_test.go:121:14: undefined: block.NewMockChainVM
vms/registry/vm_registerer_test.go:150:14: undefined: block.NewMockChainVM
vms/registry/vm_registerer_test.go:187:14: undefined: block.NewMockChainVM
vms/registry/vm_registerer_test.go:251:14: undefined: block.NewMockChainVM
vms/registry/vm_registerer_test.go:268:14: undefined: block.NewMockChainVM
vms/registry/vm_registerer_test.go:285:14: undefined: block.NewMockChainVM
vms/registry/vm_registerer_test.go:285:14: too many errors
# github.com/luxfi/node/vms/proposervm [github.com/luxfi/node/vms/proposervm.test]
vms/proposervm/batched_vm_test.go:83:24: undefined: blocktest.BuildChild
vms/proposervm/batched_vm_test.go:819:13: undefined: blocktest.BatchedVM
vms/proposervm/batched_vm_test.go:820:13: undefined: blocktest.VM
vms/proposervm/post_fork_option_test.go:25:13: undefined: chain.OracleBlock
vms/proposervm/post_fork_option_test.go:28:12: undefined: blocktest.Block
vms/proposervm/vm_test.go:48:13: undefined: blocktest.VM
vms/proposervm/vm_test.go:49:13: undefined: blocktest.StateSyncableVM
vms/proposervm/vm_test.go:84:18: undefined: validatorstest.State
vms/proposervm/vm_test.go:2094:13: undefined: chainmock.Block
vms/proposervm/vm_test.go:2095:13: undefined: blockmock.WithVerifyContext
vms/proposervm/batched_vm_test.go:83:24: too many errors
# github.com/luxfi/node/vms/rpcchainvm [github.com/luxfi/node/vms/rpcchainvm.test]
vms/rpcchainvm/state_syncable_vm_test.go:39:29: undefined: blocktest.StateSummary
vms/rpcchainvm/state_syncable_vm_test.go:46:29: undefined: blocktest.Block
vms/rpcchainvm/state_syncable_vm_test.go:47:28: undefined: consensustest.Decidable
vms/rpcchainvm/state_syncable_vm_test.go:55:26: undefined: blocktest.Block
vms/rpcchainvm/state_syncable_vm_test.go:70:12: undefined: blockmock.ChainVM
vms/rpcchainvm/state_syncable_vm_test.go:71:12: undefined: blockmock.StateSyncableVM
vms/rpcchainvm/with_context_vm_test.go:40:12: undefined: blockmock.ChainVM
vms/rpcchainvm/with_context_vm_test.go:41:12: undefined: blockmock.BuildBlockWithContextChainVM
vms/rpcchainvm/with_context_vm_test.go:45:13: undefined: chainmock.Block
vms/rpcchainvm/with_context_vm_test.go:46:13: undefined: blockmock.WithVerifyContext
vms/rpcchainvm/state_syncable_vm_test.go:55:26: too many errors
# github.com/luxfi/node/vms/types [github.com/luxfi/node/vms/types.test]
vms/types/blob_data_test.go:22:18: undefined: nullStr
vms/types/blob_data_test.go:54:40: undefined: nullStr
# github.com/luxfi/node/vms/xvm [github.com/luxfi/node/vms/xvm.test]
vms/xvm/environment_test.go:128:32: undefined: consensustest.NewContext
vms/xvm/environment_test.go:176:3: not enough arguments in call to vm.Initialize
	have ("context".Context, unknown type, *prefixdb.Database, []byte, nil, []byte, []*core.Fx, *invalid type)
	want ("context".Context, interface{}, interface{}, []byte, []byte, []byte, chan<- interface{}, []interface{}, interface{})
vms/xvm/environment_test.go:176:9: undefined: core.FakeSender
vms/xvm/environment_test.go:186:93: cannot use m (variable of type *"github.com/luxfi/node/chains/atomic".Memory) as "github.com/luxfi/node/chains/atomic".SharedMemory value in argument to txstest.New: *"github.com/luxfi/node/chains/atomic".Memory does not implement "github.com/luxfi/node/chains/atomic".SharedMemory (missing method Apply)
vms/xvm/environment_test.go:202:14: env.vm.ctx.Lock undefined (type "context".Context has no field or method Lock)
vms/xvm/environment_test.go:203:20: env.vm.ctx.Lock undefined (type "context".Context has no field or method Lock)
vms/xvm/environment_test.go:205:35: too many arguments in call to env.vm.Shutdown
	have ("context".Context)
	want ()
vms/xvm/environment_test.go:513:9: vm.ctx.Lock undefined (type "context".Context has no field or method Lock)
vms/xvm/environment_test.go:514:15: vm.ctx.Lock undefined (type "context".Context has no field or method Lock)
vms/xvm/index_test.go:41:19: env.vm.ctx.Lock undefined (type "context".Context has no field or method Lock)
vms/xvm/index_test.go:41:19: too many errors
# github.com/luxfi/node/vms/xvm/block/executor [github.com/luxfi/node/vms/xvm/block/executor.test]
vms/xvm/block/executor/block_test.go:44:13: cannot use mockBlock (variable of type *block.MockBlock) as block.Block value in struct literal: *block.MockBlock does not implement block.Block (missing method InitCtx)
vms/xvm/block/executor/block_test.go:64:13: cannot use mockBlock (variable of type *block.MockBlock) as block.Block value in struct literal: *block.MockBlock does not implement block.Block (missing method InitCtx)
vms/xvm/block/executor/block_test.go:84:13: cannot use mockBlock (variable of type *block.MockBlock) as block.Block value in struct literal: *block.MockBlock does not implement block.Block (missing method InitCtx)
vms/xvm/block/executor/block_test.go:102:13: cannot use mockBlock (variable of type *block.MockBlock) as block.Block value in struct literal: *block.MockBlock does not implement block.Block (missing method InitCtx)
vms/xvm/block/executor/block_test.go:122:16: cannot use mockUnsignedTx (variable of type *txs.MockUnsignedTx) as txs.UnsignedTx value in struct literal: *txs.MockUnsignedTx does not implement txs.UnsignedTx (missing method InitializeContext)
vms/xvm/block/executor/block_test.go:129:13: cannot use mockBlock (variable of type *block.MockBlock) as block.Block value in struct literal: *block.MockBlock does not implement block.Block (missing method InitCtx)
vms/xvm/block/executor/block_test.go:133:21: undefined: metrics
vms/xvm/block/executor/block_test.go:152:16: cannot use mockUnsignedTx (variable of type *txs.MockUnsignedTx) as txs.UnsignedTx value in struct literal: *txs.MockUnsignedTx does not implement txs.UnsignedTx (missing method InitializeContext)
vms/xvm/block/executor/block_test.go:162:13: cannot use mockBlock (variable of type *block.MockBlock) as block.Block value in struct literal: *block.MockBlock does not implement block.Block (missing method InitCtx)
vms/xvm/block/executor/block_test.go:186:16: cannot use mockUnsignedTx (variable of type *txs.MockUnsignedTx) as txs.UnsignedTx value in struct literal: *txs.MockUnsignedTx does not implement txs.UnsignedTx (missing method InitializeContext)
vms/xvm/block/executor/block_test.go:186:16: too many errors
# github.com/luxfi/node/vms/xvm/block/builder [github.com/luxfi/node/vms/xvm/block/builder.test]
vms/xvm/block/builder/builder_test.go:48:2: mempool redeclared in this block
	vms/xvm/block/builder/builder_test.go:20:2: other declaration of mempool
vms/xvm/block/builder/builder_test.go:83:21: undefined: consensus.WithLogger
vms/xvm/block/builder/builder_test.go:114:21: undefined: consensus.WithLogger
vms/xvm/block/builder/builder_test.go:147:29: cannot use unsignedTx (variable of type *txs.MockUnsignedTx) as txs.UnsignedTx value in struct literal: *txs.MockUnsignedTx does not implement txs.UnsignedTx (missing method InitializeContext)
vms/xvm/block/builder/builder_test.go:158:21: undefined: consensus.WithLogger
vms/xvm/block/builder/builder_test.go:192:29: cannot use unsignedTx (variable of type *txs.MockUnsignedTx) as txs.UnsignedTx value in struct literal: *txs.MockUnsignedTx does not implement txs.UnsignedTx (missing method InitializeContext)
vms/xvm/block/builder/builder_test.go:203:21: undefined: consensus.WithLogger
vms/xvm/block/builder/builder_test.go:238:29: cannot use unsignedTx (variable of type *txs.MockUnsignedTx) as txs.UnsignedTx value in struct literal: *txs.MockUnsignedTx does not implement txs.UnsignedTx (missing method InitializeContext)
vms/xvm/block/builder/builder_test.go:249:21: undefined: consensus.WithLogger
vms/xvm/block/builder/builder_test.go:289:30: cannot use unsignedTx1 (variable of type *txs.MockUnsignedTx) as txs.UnsignedTx value in struct literal: *txs.MockUnsignedTx does not implement txs.UnsignedTx (missing method InitializeContext)
vms/xvm/block/builder/builder_test.go:289:30: too many errors
# github.com/luxfi/node/vms/xvm/network [github.com/luxfi/node/vms/xvm/network.test]
vms/xvm/network/gossip_test.go:68:47: cannot use toEngine (variable of type chan core.Message) as chan<- core.MessageType value in argument to mempool.New
vms/xvm/network/gossip_test.go:105:47: cannot use toEngine (variable of type chan core.Message) as chan<- core.MessageType value in argument to mempool.New
vms/xvm/network/network_test.go:136:24: appSender.EXPECT().SendAppGossip undefined (type *coremock.MockAppSenderExpects has no field or method SendAppGossip)
vms/xvm/network/network_test.go:182:21: undefined: validatorstest.State
vms/xvm/network/network_test.go:237:24: appSender.EXPECT().SendAppGossip undefined (type *coremock.MockAppSenderExpects has no field or method SendAppGossip)
vms/xvm/network/network_test.go:276:21: undefined: validatorstest.State
# github.com/luxfi/node/vms/xvm/txs [github.com/luxfi/node/vms/xvm/txs.test]
vms/xvm/txs/operation_test.go:58:7: cannot use &testOperable{} (value of type *testOperable) as fxs.FxOperation value in struct literal: *testOperable does not implement fxs.FxOperation (missing method InitializeContext)
vms/xvm/txs/operation_test.go:74:7: cannot use &testOperable{} (value of type *testOperable) as fxs.FxOperation value in struct literal: *testOperable does not implement fxs.FxOperation (missing method InitializeContext)
vms/xvm/txs/operation_test.go:97:8: cannot use &testOperable{} (value of type *testOperable) as fxs.FxOperation value in struct literal: *testOperable does not implement fxs.FxOperation (missing method InitializeContext)
vms/xvm/txs/operation_test.go:107:8: cannot use &testOperable{} (value of type *testOperable) as fxs.FxOperation value in struct literal: *testOperable does not implement fxs.FxOperation (missing method InitializeContext)
vms/xvm/txs/operation_test.go:121:7: cannot use &testOperable{} (value of type *testOperable) as fxs.FxOperation value in struct literal: *testOperable does not implement fxs.FxOperation (missing method InitializeContext)
# github.com/luxfi/node/vms/xvm/txs/mempool [github.com/luxfi/node/vms/xvm/txs/mempool.test]
vms/xvm/txs/mempool/mempool_test.go:21:33: undefined: MessageType
vms/xvm/txs/mempool/mempool_test.go:28:24: undefined: MessageType
# github.com/luxfi/node/vms/xvm/txs/executor [github.com/luxfi/node/vms/xvm/txs/executor.test]
vms/xvm/txs/executor/semantic_verifier_test.go:32:48: undefined: consensustest.XChainID
vms/xvm/txs/executor/semantic_verifier_test.go:389:48: undefined: consensustest.XChainID
vms/xvm/txs/executor/semantic_verifier_test.go:435:25: ctx.CChainID undefined (type "context".Context has no field or method CChainID)
vms/xvm/txs/executor/semantic_verifier_test.go:753:48: undefined: consensustest.XChainID
vms/xvm/txs/executor/semantic_verifier_test.go:755:35: undefined: validatorsmock.NewState
vms/xvm/txs/executor/semantic_verifier_test.go:756:53: ctx.CChainID undefined (type "context".Context has no field or method CChainID)
vms/xvm/txs/executor/semantic_verifier_test.go:757:6: ctx.ValidatorState undefined (type "context".Context has no field or method ValidatorState)
vms/xvm/txs/executor/semantic_verifier_test.go:803:25: ctx.CChainID undefined (type "context".Context has no field or method CChainID)
vms/xvm/txs/executor/semantic_verifier_test.go:870:48: undefined: consensustest.XChainID
vms/xvm/txs/executor/semantic_verifier_test.go:873:43: ctx.ChainID undefined (type "context".Context has no field or method ChainID)
vms/xvm/txs/executor/semantic_verifier_test.go:873:43: too many errors
# github.com/luxfi/qzmq
../qzmq/mlkem_integration.go:37:35: assignment mismatch: 3 variables but mpk.key.Encapsulate returns 2 values
../qzmq/mlkem_integration.go:89:35: assignment mismatch: 3 variables but mpk.key.Encapsulate returns 2 values
ok  	github.com/luxfi/node/network/throttling	2.448s
?   	github.com/luxfi/node/network/throttling/trackermock	[no test files]
?   	github.com/luxfi/node/network/tracker	[no test files]
?   	github.com/luxfi/node/network/tracker/trackermock	[no test files]
?   	github.com/luxfi/node/node/mocks	[no test files]
?   	github.com/luxfi/node/proto/p2p	[no test files]
?   	github.com/luxfi/node/proto/pb/aliasreader	[no test files]
?   	github.com/luxfi/node/proto/pb/appsender	[no test files]
?   	github.com/luxfi/node/proto/pb/http	[no test files]
?   	github.com/luxfi/node/proto/pb/http/responsewriter	[no test files]
?   	github.com/luxfi/node/proto/pb/io/reader	[no test files]
?   	github.com/luxfi/node/proto/pb/io/writer	[no test files]
?   	github.com/luxfi/node/proto/pb/keystore	[no test files]
?   	github.com/luxfi/node/proto/pb/message	[no test files]
?   	github.com/luxfi/node/proto/pb/messenger	[no test files]
?   	github.com/luxfi/node/proto/pb/net/conn	[no test files]
?   	github.com/luxfi/node/proto/pb/p2p	[no test files]
?   	github.com/luxfi/node/proto/pb/platformvm	[no test files]
?   	github.com/luxfi/node/proto/pb/rpcdb	[no test files]
?   	github.com/luxfi/node/proto/pb/sdk	[no test files]
?   	github.com/luxfi/node/proto/pb/sharedmemory	[no test files]
?   	github.com/luxfi/node/proto/pb/signer	[no test files]
?   	github.com/luxfi/node/proto/pb/sync	[no test files]
?   	github.com/luxfi/node/proto/pb/validatorstate	[no test files]
?   	github.com/luxfi/node/proto/pb/vm	[no test files]
?   	github.com/luxfi/node/proto/pb/vm/runtime	[no test files]
?   	github.com/luxfi/node/proto/pb/warp	[no test files]
?   	github.com/luxfi/node/proto/rpcdb	[no test files]
ok  	github.com/luxfi/node/pubsub	0.017s
ok  	github.com/luxfi/node/pubsub/bloom	0.012s
?   	github.com/luxfi/node/consensus/engine/common	[no test files]
?   	github.com/luxfi/node/consensus/engine/enginetest	[no test files]
ok  	github.com/luxfi/node/staking	0.014s
ok  	github.com/luxfi/node/tests	0.632s
?   	github.com/luxfi/node/tests/e2e/c	[no test files]
ok  	github.com/luxfi/node/tests/fixture	0.021s
?   	github.com/luxfi/node/tests/load	[no test files]
?   	github.com/luxfi/node/tests/load/contracts	[no test files]
?   	github.com/luxfi/node/tools	[no test files]
ok  	github.com/luxfi/node/trace	0.014s
FAIL	github.com/luxfi/node/upgrade [build failed]
?   	github.com/luxfi/node/upgrade/upgradetest	[no test files]
ok  	github.com/luxfi/node/utils	0.012s
ok  	github.com/luxfi/node/utils/bag	0.012s
ok  	github.com/luxfi/node/utils/beacon	0.010s
ok  	github.com/luxfi/node/utils/bimap	0.011s
ok  	github.com/luxfi/node/utils/bloom	0.609s
ok  	github.com/luxfi/node/utils/buffer	0.009s
ok  	github.com/luxfi/node/utils/cb58	0.009s
ok  	github.com/luxfi/node/utils/compression	0.093s
ok  	github.com/luxfi/node/utils/constants	0.008s
?   	github.com/luxfi/node/utils/crypto/keychain	[no test files]
?   	github.com/luxfi/node/utils/crypto/ledger	[no test files]
ok  	github.com/luxfi/node/utils/dynamicip	0.008s
ok  	github.com/luxfi/node/utils/filesystem	0.006s
?   	github.com/luxfi/node/utils/filesystem/filesystemmock	[no test files]
ok  	github.com/luxfi/node/utils/formatting	0.006s
?   	github.com/luxfi/node/utils/formatting/address	[no test files]
ok  	github.com/luxfi/node/utils/hashing	0.004s [no tests to run]
ok  	github.com/luxfi/node/utils/hashing/consistent	0.007s
?   	github.com/luxfi/node/utils/hashing/hashingmock	[no test files]
ok  	github.com/luxfi/node/utils/heap	0.007s
ok  	github.com/luxfi/node/utils/ips	0.007s
ok  	github.com/luxfi/node/utils/json	0.005s
ok  	github.com/luxfi/node/utils/linked	0.006s
ok  	github.com/luxfi/node/utils/linkedhashmap	0.006s
ok  	github.com/luxfi/node/utils/lock	0.007s
ok  	github.com/luxfi/node/utils/logging	0.007s
ok  	github.com/luxfi/node/utils/math	0.007s
ok  	github.com/luxfi/node/utils/math/meter	0.007s
ok  	github.com/luxfi/node/utils/maybe	0.005s
ok  	github.com/luxfi/node/utils/metric	0.007s
?   	github.com/luxfi/node/utils/packages	[no test files]
ok  	github.com/luxfi/node/utils/password	0.402s
?   	github.com/luxfi/node/utils/perms	[no test files]
?   	github.com/luxfi/node/utils/pool	[no test files]
ok  	github.com/luxfi/node/utils/profiler	0.212s
ok  	github.com/luxfi/node/utils/resource	0.010s
?   	github.com/luxfi/node/utils/resource/resourcemock	[no test files]
?   	github.com/luxfi/node/utils/rpc	[no test files]
ok  	github.com/luxfi/node/utils/sampler	0.011s
ok  	github.com/luxfi/node/utils/set	0.010s
ok  	github.com/luxfi/node/utils/setmap	0.008s
?   	github.com/luxfi/node/utils/storage	[no test files]
ok  	github.com/luxfi/node/utils/timer	0.024s
ok  	github.com/luxfi/node/utils/timer/mockable	0.008s
FAIL	github.com/luxfi/node/utils/tree [build failed]
?   	github.com/luxfi/node/utils/ulimit	[no test files]
?   	github.com/luxfi/node/utils/units	[no test files]
ok  	github.com/luxfi/node/utils/window	0.007s
ok  	github.com/luxfi/node/utils/wrappers	0.008s
?   	github.com/luxfi/node/validators	[no test files]
--- FAIL: TestCurrentRPCChainVMCompatible (0.00s)
    constants_test.go:14: 
        	Error Trace:	/home/z/work/lux/node/version/constants_test.go:14
        	Error:      	[]*version.Semantic{(*version.Semantic)(0xc0001ea000)} does not contain &version.Semantic{Major:1, Minor:13, Patch:5, str:atomic.Value{v:interface {}(nil)}}
        	Test:       	TestCurrentRPCChainVMCompatible
FAIL
FAIL	github.com/luxfi/node/version	0.008s
ok  	github.com/luxfi/node/vms	0.014s [no tests to run]
FAIL	github.com/luxfi/node/vms/components/chain [build failed]
FAIL	github.com/luxfi/node/vms/components/chain/blocktest [build failed]
ok  	github.com/luxfi/node/vms/components/gas	0.008s
?   	github.com/luxfi/node/vms/components/index	[no test files]
ok  	github.com/luxfi/node/vms/components/keystore	0.115s
?   	github.com/luxfi/node/vms/components/lux	[no test files]
?   	github.com/luxfi/node/vms/components/luxmock	[no test files]
ok  	github.com/luxfi/node/vms/components/message	0.010s
?   	github.com/luxfi/node/vms/components/state	[no test files]
FAIL	github.com/luxfi/node/vms/components/verify [build failed]
?   	github.com/luxfi/node/vms/components/verify/verifymock	[no test files]
?   	github.com/luxfi/node/vms/evm/metrics	[no test files]
?   	github.com/luxfi/node/vms/evm/metrics/metricstest	[no test files]
FAIL	github.com/luxfi/node/vms/evm/metrics/prometheus [build failed]
FAIL	github.com/luxfi/node/vms/example/xsvm [build failed]
FAIL	github.com/luxfi/node/vms/example/xsvm/api [build failed]
?   	github.com/luxfi/node/vms/example/xsvm/block	[no test files]
?   	github.com/luxfi/node/vms/example/xsvm/builder	[no test files]
?   	github.com/luxfi/node/vms/example/xsvm/chain	[no test files]
?   	github.com/luxfi/node/vms/example/xsvm/cmd/chain/genesis	[no test files]
?   	github.com/luxfi/node/vms/example/xsvm/cmd/issue/status	[no test files]
FAIL	github.com/luxfi/node/vms/example/xsvm/cmd/run [build failed]
FAIL	github.com/luxfi/node/vms/example/xsvm/cmd/version [build failed]
FAIL	github.com/luxfi/node/vms/example/xsvm/cmd/versionjson [build failed]
?   	github.com/luxfi/node/vms/example/xsvm/execute	[no test files]
ok  	github.com/luxfi/node/vms/example/xsvm/genesis	0.007s
?   	github.com/luxfi/node/vms/example/xsvm/state	[no test files]
?   	github.com/luxfi/node/vms/example/xsvm/tx	[no test files]
?   	github.com/luxfi/node/vms/falconfx	[no test files]
?   	github.com/luxfi/node/vms/fx	[no test files]
?   	github.com/luxfi/node/vms/metervm	[no test files]
ok  	github.com/luxfi/node/vms/nftfx	0.012s
ok  	github.com/luxfi/node/vms/platformvm/api	0.015s
ok  	github.com/luxfi/node/vms/platformvm/block	0.014s
ok  	github.com/luxfi/node/vms/platformvm/fx	0.006s [no tests to run]
?   	github.com/luxfi/node/vms/platformvm/fx/fxmock	[no test files]
ok  	github.com/luxfi/node/vms/platformvm/genesis	0.011s
?   	github.com/luxfi/node/vms/platformvm/genesis/genesistest	[no test files]
?   	github.com/luxfi/node/vms/platformvm/metrics	[no test files]
ok  	github.com/luxfi/node/vms/platformvm/reward	0.006s
ok  	github.com/luxfi/node/vms/platformvm/signer	0.109s
?   	github.com/luxfi/node/vms/platformvm/signer/signermock	[no test files]
ok  	github.com/luxfi/node/vms/platformvm/stakeable	0.008s
ok  	github.com/luxfi/node/vms/platformvm/status	0.007s
?   	github.com/luxfi/node/vms/platformvm/testcontext	[no test files]
--- FAIL: TestAddDelegatorTxSyntacticVerify (0.00s)
    add_delegator_test.go:119: 
        	Error Trace:	/home/z/work/lux/node/vms/platformvm/txs/add_delegator_test.go:119
        	Error:      	Received unexpected error:
        	            	stake must be LUX but is "TtF4d2QWbk5vzQGTEPrN48x6vwgAoAmKQ9cbp79inpQmcRKES"
        	Test:       	TestAddDelegatorTxSyntacticVerify
--- FAIL: TestAddPermissionlessPrimaryDelegatorSerialization (0.00s)
    add_permissionless_delegator_tx_test.go:144: 
        	Error Trace:	/home/z/work/lux/node/vms/platformvm/txs/add_permissionless_delegator_tx_test.go:144
        	Error:      	Received unexpected error:
        	            	failed to verify BaseTx: metadata failed verification: tx has wrong network ID
        	Test:       	TestAddPermissionlessPrimaryDelegatorSerialization
--- FAIL: TestAddPermissionlessSubnetDelegatorSerialization (0.00s)
    add_permissionless_delegator_tx_test.go:888: 
        	Error Trace:	/home/z/work/lux/node/vms/platformvm/txs/add_permissionless_delegator_tx_test.go:888
        	Error:      	Received unexpected error:
        	            	failed to verify BaseTx: metadata failed verification: tx has wrong network ID
        	Test:       	TestAddPermissionlessSubnetDelegatorSerialization
--- FAIL: TestAddPermissionlessDelegatorTxSyntacticVerify (0.00s)
    --- FAIL: TestAddPermissionlessDelegatorTxSyntacticVerify/invalid_BaseTx (0.00s)
        add_permissionless_delegator_tx_test.go:1891: 
            	Error Trace:	/home/z/work/lux/node/vms/platformvm/txs/add_permissionless_delegator_tx_test.go:1891
            	Error:      	Target error should be in err chain:
            	            	expected: "tx has wrong network ID"
            	            	in chain: "failed to verify BaseTx: metadata failed verification: tx has wrong chain ID"
            	            		"metadata failed verification: tx has wrong chain ID"
            	            		"tx has wrong chain ID"
            	Test:       	TestAddPermissionlessDelegatorTxSyntacticVerify/invalid_BaseTx
    --- FAIL: TestAddPermissionlessDelegatorTxSyntacticVerify/invalid_rewards_owner (0.00s)
        add_permissionless_delegator_tx_test.go:1891: 
            	Error Trace:	/home/z/work/lux/node/vms/platformvm/txs/add_permissionless_delegator_tx_test.go:1891
            	Error:      	Target error should be in err chain:
            	            	expected: "custom error"
            	            	in chain: "failed to verify BaseTx: metadata failed verification: tx has wrong network ID"
            	            		"metadata failed verification: tx has wrong network ID"
            	            		"tx has wrong network ID"
            	Test:       	TestAddPermissionlessDelegatorTxSyntacticVerify/invalid_rewards_owner
        controller.go:97: missing call(s) to *fx.MockOwner.Verify() /home/z/work/lux/node/vms/platformvm/txs/add_permissionless_delegator_tx_test.go:1619
        controller.go:97: aborting test due to missing call(s)
    --- FAIL: TestAddPermissionlessDelegatorTxSyntacticVerify/invalid_stake_output (0.00s)
        add_permissionless_delegator_tx_test.go:1891: 
            	Error Trace:	/home/z/work/lux/node/vms/platformvm/txs/add_permissionless_delegator_tx_test.go:1891
            	Error:      	Target error should be in err chain:
            	            	expected: "custom error"
            	            	in chain: "failed to verify BaseTx: metadata failed verification: tx has wrong network ID"
            	            		"metadata failed verification: tx has wrong network ID"
            	            		"tx has wrong network ID"
            	Test:       	TestAddPermissionlessDelegatorTxSyntacticVerify/invalid_stake_output
        controller.go:97: missing call(s) to *lux.MockTransferableOut.Verify() /home/z/work/lux/node/vms/platformvm/txs/add_permissionless_delegator_tx_test.go:1648
        controller.go:97: aborting test due to missing call(s)
    --- FAIL: TestAddPermissionlessDelegatorTxSyntacticVerify/multiple_staked_assets (0.00s)
        add_permissionless_delegator_tx_test.go:1891: 
            	Error Trace:	/home/z/work/lux/node/vms/platformvm/txs/add_permissionless_delegator_tx_test.go:1891
            	Error:      	Target error should be in err chain:
            	            	expected: "multiple staked assets"
            	            	in chain: "failed to verify BaseTx: metadata failed verification: tx has wrong network ID"
            	            		"metadata failed verification: tx has wrong network ID"
            	            		"tx has wrong network ID"
            	Test:       	TestAddPermissionlessDelegatorTxSyntacticVerify/multiple_staked_assets
    --- FAIL: TestAddPermissionlessDelegatorTxSyntacticVerify/stake_not_sorted (0.00s)
        add_permissionless_delegator_tx_test.go:1891: 
            	Error Trace:	/home/z/work/lux/node/vms/platformvm/txs/add_permissionless_delegator_tx_test.go:1891
            	Error:      	Target error should be in err chain:
            	            	expected: "outputs not sorted"
            	            	in chain: "failed to verify BaseTx: metadata failed verification: tx has wrong network ID"
            	            		"metadata failed verification: tx has wrong network ID"
            	            		"tx has wrong network ID"
            	Test:       	TestAddPermissionlessDelegatorTxSyntacticVerify/stake_not_sorted
    --- FAIL: TestAddPermissionlessDelegatorTxSyntacticVerify/stake_overflow (0.00s)
        add_permissionless_delegator_tx_test.go:1891: 
            	Error Trace:	/home/z/work/lux/node/vms/platformvm/txs/add_permissionless_delegator_tx_test.go:1891
            	Error:      	Target error should be in err chain:
            	            	expected: "overflow"
            	            	in chain: "failed to verify BaseTx: metadata failed verification: tx has wrong network ID"
            	            		"metadata failed verification: tx has wrong network ID"
            	            		"tx has wrong network ID"
            	Test:       	TestAddPermissionlessDelegatorTxSyntacticVerify/stake_overflow
    --- FAIL: TestAddPermissionlessDelegatorTxSyntacticVerify/weight_mismatch (0.00s)
        add_permissionless_delegator_tx_test.go:1891: 
            	Error Trace:	/home/z/work/lux/node/vms/platformvm/txs/add_permissionless_delegator_tx_test.go:1891
            	Error:      	Target error should be in err chain:
            	            	expected: "delegator weight is not equal to total stake weight"
            	            	in chain: "failed to verify BaseTx: metadata failed verification: tx has wrong network ID"
            	            		"metadata failed verification: tx has wrong network ID"
            	            		"tx has wrong network ID"
            	Test:       	TestAddPermissionlessDelegatorTxSyntacticVerify/weight_mismatch
    --- FAIL: TestAddPermissionlessDelegatorTxSyntacticVerify/valid_net_validator (0.00s)
        add_permissionless_delegator_tx_test.go:1891: 
            	Error Trace:	/home/z/work/lux/node/vms/platformvm/txs/add_permissionless_delegator_tx_test.go:1891
            	Error:      	Target error should be in err chain:
            	            	expected: ""
            	            	in chain: "failed to verify BaseTx: metadata failed verification: tx has wrong network ID"
            	            		"metadata failed verification: tx has wrong network ID"
            	            		"tx has wrong network ID"
            	Test:       	TestAddPermissionlessDelegatorTxSyntacticVerify/valid_net_validator
    --- FAIL: TestAddPermissionlessDelegatorTxSyntacticVerify/valid_primary_network_validator (0.00s)
        add_permissionless_delegator_tx_test.go:1891: 
            	Error Trace:	/home/z/work/lux/node/vms/platformvm/txs/add_permissionless_delegator_tx_test.go:1891
            	Error:      	Target error should be in err chain:
            	            	expected: ""
            	            	in chain: "failed to verify BaseTx: metadata failed verification: tx has wrong network ID"
            	            		"metadata failed verification: tx has wrong network ID"
            	            		"tx has wrong network ID"
            	Test:       	TestAddPermissionlessDelegatorTxSyntacticVerify/valid_primary_network_validator
--- FAIL: TestAddPermissionlessPrimaryValidator (0.00s)
    add_permissionless_validator_tx_test.go:147: 
        	Error Trace:	/home/z/work/lux/node/vms/platformvm/txs/add_permissionless_validator_tx_test.go:147
        	Error:      	Received unexpected error:
        	            	failed to verify BaseTx: metadata failed verification: tx has wrong network ID
        	Test:       	TestAddPermissionlessPrimaryValidator
--- FAIL: TestAddPermissionlessNetValidator (0.00s)
    add_permissionless_validator_tx_test.go:846: 
        	Error Trace:	/home/z/work/lux/node/vms/platformvm/txs/add_permissionless_validator_tx_test.go:846
        	Error:      	Received unexpected error:
        	            	failed to verify BaseTx: metadata failed verification: tx has wrong network ID
        	Test:       	TestAddPermissionlessNetValidator
--- FAIL: TestAddPermissionlessValidatorTxSyntacticVerify (0.01s)
    --- FAIL: TestAddPermissionlessValidatorTxSyntacticVerify/invalid_BaseTx (0.00s)
        add_permissionless_validator_tx_test.go:1848: 
            	Error Trace:	/home/z/work/lux/node/vms/platformvm/txs/add_permissionless_validator_tx_test.go:1848
            	Error:      	Target error should be in err chain:
            	            	expected: "tx has wrong network ID"
            	            	in chain: "failed to verify BaseTx: metadata failed verification: tx has wrong chain ID"
            	            		"metadata failed verification: tx has wrong chain ID"
            	            		"tx has wrong chain ID"
            	Test:       	TestAddPermissionlessValidatorTxSyntacticVerify/invalid_BaseTx
    --- FAIL: TestAddPermissionlessValidatorTxSyntacticVerify/invalid_rewards_owner (0.00s)
        add_permissionless_validator_tx_test.go:1848: 
            	Error Trace:	/home/z/work/lux/node/vms/platformvm/txs/add_permissionless_validator_tx_test.go:1848
            	Error:      	Target error should be in err chain:
            	            	expected: "custom error"
            	            	in chain: "failed to verify BaseTx: metadata failed verification: tx has wrong network ID"
            	            		"metadata failed verification: tx has wrong network ID"
            	            		"tx has wrong network ID"
            	Test:       	TestAddPermissionlessValidatorTxSyntacticVerify/invalid_rewards_owner
        controller.go:97: missing call(s) to *fx.MockOwner.Verify() /home/z/work/lux/node/vms/platformvm/txs/add_permissionless_validator_tx_test.go:1520
        controller.go:97: aborting test due to missing call(s)
    --- FAIL: TestAddPermissionlessValidatorTxSyntacticVerify/wrong_signer (0.00s)
        add_permissionless_validator_tx_test.go:1848: 
            	Error Trace:	/home/z/work/lux/node/vms/platformvm/txs/add_permissionless_validator_tx_test.go:1848
            	Error:      	Target error should be in err chain:
            	            	expected: "invalid signer"
            	            	in chain: "failed to verify BaseTx: metadata failed verification: tx has wrong network ID"
            	            		"metadata failed verification: tx has wrong network ID"
            	            		"tx has wrong network ID"
            	Test:       	TestAddPermissionlessValidatorTxSyntacticVerify/wrong_signer
    --- FAIL: TestAddPermissionlessValidatorTxSyntacticVerify/invalid_stake_output (0.00s)
        add_permissionless_validator_tx_test.go:1848: 
            	Error Trace:	/home/z/work/lux/node/vms/platformvm/txs/add_permissionless_validator_tx_test.go:1848
            	Error:      	Target error should be in err chain:
            	            	expected: "custom error"
            	            	in chain: "failed to verify BaseTx: metadata failed verification: tx has wrong network ID"
            	            		"metadata failed verification: tx has wrong network ID"
            	            		"tx has wrong network ID"
            	Test:       	TestAddPermissionlessValidatorTxSyntacticVerify/invalid_stake_output
        controller.go:97: missing call(s) to *lux.MockTransferableOut.Verify() /home/z/work/lux/node/vms/platformvm/txs/add_permissionless_validator_tx_test.go:1583
        controller.go:97: aborting test due to missing call(s)
    --- FAIL: TestAddPermissionlessValidatorTxSyntacticVerify/stake_overflow (0.00s)
        add_permissionless_validator_tx_test.go:1848: 
            	Error Trace:	/home/z/work/lux/node/vms/platformvm/txs/add_permissionless_validator_tx_test.go:1848
            	Error:      	Target error should be in err chain:
            	            	expected: "overflow"
            	            	in chain: "failed to verify BaseTx: metadata failed verification: tx has wrong network ID"
            	            		"metadata failed verification: tx has wrong network ID"
            	            		"tx has wrong network ID"
            	Test:       	TestAddPermissionlessValidatorTxSyntacticVerify/stake_overflow
    --- FAIL: TestAddPermissionlessValidatorTxSyntacticVerify/multiple_staked_assets (0.00s)
        add_permissionless_validator_tx_test.go:1848: 
            	Error Trace:	/home/z/work/lux/node/vms/platformvm/txs/add_permissionless_validator_tx_test.go:1848
            	Error:      	Target error should be in err chain:
            	            	expected: "multiple staked assets"
            	            	in chain: "failed to verify BaseTx: metadata failed verification: tx has wrong network ID"
            	            		"metadata failed verification: tx has wrong network ID"
            	            		"tx has wrong network ID"
            	Test:       	TestAddPermissionlessValidatorTxSyntacticVerify/multiple_staked_assets
    --- FAIL: TestAddPermissionlessValidatorTxSyntacticVerify/stake_not_sorted (0.00s)
        add_permissionless_validator_tx_test.go:1848: 
            	Error Trace:	/home/z/work/lux/node/vms/platformvm/txs/add_permissionless_validator_tx_test.go:1848
            	Error:      	Target error should be in err chain:
            	            	expected: "outputs not sorted"
            	            	in chain: "failed to verify BaseTx: metadata failed verification: tx has wrong network ID"
            	            		"metadata failed verification: tx has wrong network ID"
            	            		"tx has wrong network ID"
            	Test:       	TestAddPermissionlessValidatorTxSyntacticVerify/stake_not_sorted
    --- FAIL: TestAddPermissionlessValidatorTxSyntacticVerify/weight_mismatch (0.00s)
        add_permissionless_validator_tx_test.go:1848: 
            	Error Trace:	/home/z/work/lux/node/vms/platformvm/txs/add_permissionless_validator_tx_test.go:1848
            	Error:      	Target error should be in err chain:
            	            	expected: "validator weight mismatch"
            	            	in chain: "failed to verify BaseTx: metadata failed verification: tx has wrong network ID"
            	            		"metadata failed verification: tx has wrong network ID"
            	            		"tx has wrong network ID"
            	Test:       	TestAddPermissionlessValidatorTxSyntacticVerify/weight_mismatch
    --- FAIL: TestAddPermissionlessValidatorTxSyntacticVerify/valid_net_validator (0.00s)
        add_permissionless_validator_tx_test.go:1848: 
            	Error Trace:	/home/z/work/lux/node/vms/platformvm/txs/add_permissionless_validator_tx_test.go:1848
            	Error:      	Target error should be in err chain:
            	            	expected: ""
            	            	in chain: "failed to verify BaseTx: metadata failed verification: tx has wrong network ID"
            	            		"metadata failed verification: tx has wrong network ID"
            	            		"tx has wrong network ID"
            	Test:       	TestAddPermissionlessValidatorTxSyntacticVerify/valid_net_validator
    --- FAIL: TestAddPermissionlessValidatorTxSyntacticVerify/valid_primary_network_validator (0.00s)
        add_permissionless_validator_tx_test.go:1848: 
            	Error Trace:	/home/z/work/lux/node/vms/platformvm/txs/add_permissionless_validator_tx_test.go:1848
            	Error:      	Target error should be in err chain:
            	            	expected: ""
            	            	in chain: "failed to verify BaseTx: metadata failed verification: tx has wrong network ID"
            	            		"metadata failed verification: tx has wrong network ID"
            	            		"tx has wrong network ID"
            	Test:       	TestAddPermissionlessValidatorTxSyntacticVerify/valid_primary_network_validator
--- FAIL: TestAddValidatorTxSyntacticVerify (0.00s)
    add_validator_test.go:114: 
        	Error Trace:	/home/z/work/lux/node/vms/platformvm/txs/add_validator_test.go:114
        	Error:      	Received unexpected error:
        	            	stake must be LUX but is "2G5DRA1UhEpuWxEP5ucfinzsL8Mnbywh5uyc815rWwMWyp2bLo"
        	Test:       	TestAddValidatorTxSyntacticVerify
--- FAIL: TestBaseTxSerialization (0.00s)
    base_tx_test.go:83: 
        	Error Trace:	/home/z/work/lux/node/vms/platformvm/txs/base_tx_test.go:83
        	Error:      	Received unexpected error:
        	            	metadata failed verification: tx has wrong network ID
        	Test:       	TestBaseTxSerialization
--- FAIL: TestConvertNetToL1TxSerialization (0.00s)
    --- FAIL: TestConvertNetToL1TxSerialization/simple (0.00s)
        convert_subnet_to_l1_tx_test.go:301: 
            	Error Trace:	/home/z/work/lux/node/vms/platformvm/txs/convert_subnet_to_l1_tx_test.go:301
            	Error:      	Not equal: 
            	            	expected: map[string]interface {}{"address":"0x000000000000000000000000000000000000dead", "blockchainID":"11111111111111111111111111111111LpoYY", "chainID":"NfebWJbJMmUpduqFCF8i1m5pstbVYLP1gGHbacrevXZMhpVMy", "inputs":[]interface {}{map[string]interface {}{"assetID":"FvwEAhmxKfeiG8SnEvq42hc6whRyY3EFYAvebMqDNDGCgxN5Z", "fxID":"spdxUxVJQbX85MGxMHbKw1sHxMnSqJ3QBzDyDYEP3h6TLuxqQ", "input":map[string]interface {}{"amount":1e+06, "signatureIndices":[]interface {}{5}}, "outputIndex":1, "txID":"2wiU5PnFTjTmoAXGZutHAsPF36qGGyLHYHj9G1Aucfmb3JFFGN"}}, "memo":"0x", "networkID":10, "outputs":[]interface {}{}, "subnetAuthorization":map[string]interface {}{"signatureIndices":[]interface {}{3}}, "subnetID":"SkB92YpWm4UpburLz9tEKZw2i67H3FF6YkjaU4BkFUDTG9Xm", "validators":[]interface {}{}}
            	            	actual  : map[string]interface {}{"address":"0x000000000000000000000000000000000000dead", "blockchainID":"11111111111111111111111111111111LpoYY", "chainID":"NfebWJbJMmUpduqFCF8i1m5pstbVYLP1gGHbacrevXZMhpVMy", "inputs":[]interface {}{map[string]interface {}{"assetID":"FvwEAhmxKfeiG8SnEvq42hc6whRyY3EFYAvebMqDNDGCgxN5Z", "fxID":"spdxUxVJQbX85MGxMHbKw1sHxMnSqJ3QBzDyDYEP3h6TLuxqQ", "input":map[string]interface {}{"amount":1e+06, "signatureIndices":[]interface {}{5}}, "outputIndex":1, "txID":"2wiU5PnFTjTmoAXGZutHAsPF36qGGyLHYHj9G1Aucfmb3JFFGN"}}, "memo":"0x", "netID":"SkB92YpWm4UpburLz9tEKZw2i67H3FF6YkjaU4BkFUDTG9Xm", "networkID":10, "outputs":[]interface {}{}, "subnetAuthorization":map[string]interface {}{"signatureIndices":[]interface {}{3}}, "validators":[]interface {}{}}
            	            	
            	            	Diff:
            	            	--- Expected
            	            	+++ Actual
            	            	@@ -19,2 +19,3 @@
            	            	  (string) (len=4) "memo": (string) (len=2) "0x",
            	            	+ (string) (len=5) "netID": (string) (len=48) "SkB92YpWm4UpburLz9tEKZw2i67H3FF6YkjaU4BkFUDTG9Xm",
            	            	  (string) (len=9) "networkID": (float64) 10,
            	            	@@ -27,3 +28,2 @@
            	            	  },
            	            	- (string) (len=8) "subnetID": (string) (len=48) "SkB92YpWm4UpburLz9tEKZw2i67H3FF6YkjaU4BkFUDTG9Xm",
            	            	  (string) (len=10) "validators": ([]interface {}) {
            	Test:       	TestConvertNetToL1TxSerialization/simple
--- FAIL: TestConvertNetToL1TxSyntacticVerify (0.00s)
    --- FAIL: TestConvertNetToL1TxSyntacticVerify/no_validators (0.00s)
        convert_subnet_to_l1_tx_test.go:394: 
            	Error Trace:	/home/z/work/lux/node/vms/platformvm/txs/convert_subnet_to_l1_tx_test.go:394
            	Error:      	Target error should be in err chain:
            	            	expected: "conversion must include at least one validator"
            	            	in chain: "metadata failed verification: tx has wrong network ID"
            	            		"tx has wrong network ID"
            	Test:       	TestConvertNetToL1TxSyntacticVerify/no_validators
--- FAIL: TestRemoveNetValidatorTxSerialization (0.00s)
    remove_subnet_validator_tx_test.go:106: 
        	Error Trace:	/home/z/work/lux/node/vms/platformvm/txs/remove_subnet_validator_tx_test.go:106
        	Error:      	Received unexpected error:
        	            	metadata failed verification: tx has wrong network ID
        	Test:       	TestRemoveNetValidatorTxSerialization
--- FAIL: TestRemoveNetValidatorTxSyntacticVerify (0.00s)
    remove_subnet_validator_tx_test.go:560: 
        	Error Trace:	/home/z/work/lux/node/vms/platformvm/txs/remove_subnet_validator_tx_test.go:560
        	Error:      	Received unexpected error:
        	            	metadata failed verification: tx has wrong network ID
        	Test:       	TestRemoveNetValidatorTxSyntacticVerify
--- FAIL: TestTransferNetOwnershipTxSerialization (0.00s)
    transfer_subnet_ownership_tx_test.go:105: 
        	Error Trace:	/home/z/work/lux/node/vms/platformvm/txs/transfer_subnet_ownership_tx_test.go:105
        	Error:      	Received unexpected error:
        	            	metadata failed verification: tx has wrong network ID
        	Test:       	TestTransferNetOwnershipTxSerialization
--- FAIL: TestTransferNetOwnershipTxSyntacticVerify (0.00s)
    transfer_subnet_ownership_tx_test.go:587: 
        	Error Trace:	/home/z/work/lux/node/vms/platformvm/txs/transfer_subnet_ownership_tx_test.go:587
        	Error:      	Received unexpected error:
        	            	metadata failed verification: tx has wrong network ID
        	Test:       	TestTransferNetOwnershipTxSyntacticVerify
--- FAIL: TestTransformNetTxSerialization (0.00s)
    transform_subnet_tx_test.go:126: 
        	Error Trace:	/home/z/work/lux/node/vms/platformvm/txs/transform_subnet_tx_test.go:126
        	Error:      	Received unexpected error:
        	            	metadata failed verification: tx has wrong network ID
        	Test:       	TestTransformNetTxSerialization
--- FAIL: TestTransformNetTxSyntacticVerify (0.00s)
    --- FAIL: TestTransformNetTxSyntacticVerify/LUX_assetID (0.00s)
        transform_subnet_tx_test.go:1056: 
            	Error Trace:	/home/z/work/lux/node/vms/platformvm/txs/transform_subnet_tx_test.go:1056
            	Error:      	Target error should be in err chain:
            	            	expected: "asset ID can't be LUX"
            	            	in chain: "initial supply must be non-0"
            	Test:       	TestTransformNetTxSyntacticVerify/LUX_assetID
    --- FAIL: TestTransformNetTxSyntacticVerify/invalid_subnetAuth (0.00s)
        transform_subnet_tx_test.go:1056: 
            	Error Trace:	/home/z/work/lux/node/vms/platformvm/txs/transform_subnet_tx_test.go:1056
            	Error:      	Target error should be in err chain:
            	            	expected: "invalid net auth"
            	            	in chain: "metadata failed verification: tx has wrong network ID"
            	            		"tx has wrong network ID"
            	Test:       	TestTransformNetTxSyntacticVerify/invalid_subnetAuth
        controller.go:97: missing call(s) to *verify.MockVerifiable.Verify() /home/z/work/lux/node/vms/platformvm/txs/transform_subnet_tx_test.go:976
        controller.go:97: aborting test due to missing call(s)
    --- FAIL: TestTransformNetTxSyntacticVerify/invalid_BaseTx (0.00s)
        transform_subnet_tx_test.go:1056: 
            	Error Trace:	/home/z/work/lux/node/vms/platformvm/txs/transform_subnet_tx_test.go:1056
            	Error:      	Target error should be in err chain:
            	            	expected: "tx has wrong network ID"
            	            	in chain: "metadata failed verification: tx has wrong chain ID"
            	            		"tx has wrong chain ID"
            	Test:       	TestTransformNetTxSyntacticVerify/invalid_BaseTx
    --- FAIL: TestTransformNetTxSyntacticVerify/passes_verification (0.00s)
        transform_subnet_tx_test.go:1056: 
            	Error Trace:	/home/z/work/lux/node/vms/platformvm/txs/transform_subnet_tx_test.go:1056
            	Error:      	Target error should be in err chain:
            	            	expected: ""
            	            	in chain: "metadata failed verification: tx has wrong network ID"
            	            		"tx has wrong network ID"
            	Test:       	TestTransformNetTxSyntacticVerify/passes_verification
        controller.go:97: missing call(s) to *verify.MockVerifiable.Verify() /home/z/work/lux/node/vms/platformvm/txs/transform_subnet_tx_test.go:1026
        controller.go:97: aborting test due to missing call(s)
FAIL
FAIL	github.com/luxfi/node/vms/platformvm/txs	0.042s
ok  	github.com/luxfi/node/vms/platformvm/txs/fee	0.014s
ok  	github.com/luxfi/node/vms/platformvm/txs/mempool	0.016s
ok  	github.com/luxfi/node/vms/platformvm/txs/txheap	0.014s
?   	github.com/luxfi/node/vms/platformvm/upgrade	[no test files]
?   	github.com/luxfi/node/vms/platformvm/utxo/utxomock	[no test files]
ok  	github.com/luxfi/node/vms/platformvm/validators/fee	1.700s
FAIL	github.com/luxfi/node/vms/platformvm/warp [build failed]
?   	github.com/luxfi/node/vms/platformvm/warp/gwarp	[no test files]
ok  	github.com/luxfi/node/vms/platformvm/warp/message	0.014s
ok  	github.com/luxfi/node/vms/platformvm/warp/payload	0.005s
?   	github.com/luxfi/node/vms/platformvm/warp/signertest	[no test files]
ok  	github.com/luxfi/node/vms/propertyfx	0.009s
FAIL	github.com/luxfi/node/vms/proposervm [build failed]
ok  	github.com/luxfi/node/vms/proposervm/block	0.012s
FAIL	github.com/luxfi/node/vms/proposervm/indexer [build failed]
FAIL	github.com/luxfi/node/vms/proposervm/proposer [build failed]
?   	github.com/luxfi/node/vms/proposervm/proposer/proposermock	[no test files]
FAIL	github.com/luxfi/node/vms/proposervm/scheduler [build failed]
ok  	github.com/luxfi/node/vms/proposervm/state	0.013s
ok  	github.com/luxfi/node/vms/proposervm/summary	0.006s
FAIL	github.com/luxfi/node/vms/proposervm/tree [build failed]
FAIL	github.com/luxfi/node/vms/registry [build failed]
?   	github.com/luxfi/node/vms/registry/registrymock	[no test files]
FAIL	github.com/luxfi/node/vms/rpcchainvm [build failed]
?   	github.com/luxfi/node/vms/rpcchainvm/appsender	[no test files]
ok  	github.com/luxfi/node/vms/rpcchainvm/ghttp	0.008s
ok  	github.com/luxfi/node/vms/rpcchainvm/ghttp/gconn	0.012s
ok  	github.com/luxfi/node/vms/rpcchainvm/ghttp/greader	0.011s
?   	github.com/luxfi/node/vms/rpcchainvm/ghttp/gresponsewriter	[no test files]
?   	github.com/luxfi/node/vms/rpcchainvm/ghttp/gwriter	[no test files]
ok  	github.com/luxfi/node/vms/rpcchainvm/grpcutils	0.011s
?   	github.com/luxfi/node/vms/rpcchainvm/gruntime	[no test files]
?   	github.com/luxfi/node/vms/rpcchainvm/gvalidators	[no test files]
?   	github.com/luxfi/node/vms/rpcchainvm/messenger	[no test files]
?   	github.com/luxfi/node/vms/rpcchainvm/runtime	[no test files]
?   	github.com/luxfi/node/vms/rpcchainvm/runtime/subprocess	[no test files]
ok  	github.com/luxfi/node/vms/secp256k1fx	0.010s
?   	github.com/luxfi/node/vms/tracedvm	[no test files]
ok  	github.com/luxfi/node/vms/txs/mempool	0.011s
FAIL	github.com/luxfi/node/vms/types [build failed]
?   	github.com/luxfi/node/vms/vmsmock	[no test files]
FAIL	github.com/luxfi/node/vms/xvm [build failed]
ok  	github.com/luxfi/node/vms/xvm/block	0.012s
FAIL	github.com/luxfi/node/vms/xvm/block/builder [build failed]
FAIL	github.com/luxfi/node/vms/xvm/block/executor [build failed]
?   	github.com/luxfi/node/vms/xvm/block/executor/executormock	[no test files]
?   	github.com/luxfi/node/vms/xvm/config	[no test files]
?   	github.com/luxfi/node/vms/xvm/fxs	[no test files]
ok  	github.com/luxfi/node/vms/xvm/metrics	0.010s [no tests to run]
?   	github.com/luxfi/node/vms/xvm/metrics/metricsmock	[no test files]
FAIL	github.com/luxfi/node/vms/xvm/network [build failed]
ok  	github.com/luxfi/node/vms/xvm/state	0.015s
?   	github.com/luxfi/node/vms/xvm/state/statemock	[no test files]
FAIL	github.com/luxfi/node/vms/xvm/txs [build failed]
FAIL	github.com/luxfi/node/vms/xvm/txs/executor [build failed]
FAIL	github.com/luxfi/node/vms/xvm/txs/mempool [build failed]
?   	github.com/luxfi/node/vms/xvm/txs/txstest	[no test files]
?   	github.com/luxfi/node/vms/xvm/utxo	[no test files]
?   	github.com/luxfi/node/wallet	[no test files]
?   	github.com/luxfi/node/wallet/chain/p/signer	[no test files]
?   	github.com/luxfi/node/wallet/chain/x/builder	[no test files]
?   	github.com/luxfi/node/wallet/chain/x/signer	[no test files]
panic: test timed out after 30s
	running tests:
		TestCryptoKeychain_SLHDSA (30s)
		TestCryptoKeychain_SLHDSA/SLH-DSA-256 (11s)

goroutine 72 [running]:
testing.(*M).startAlarm.func1()
	/home/z/go/pkg/mod/golang.org/toolchain@v0.0.1-go1.24.6.linux-amd64/src/testing/testing.go:2484 +0x394
created by time.goFunc
	/home/z/go/pkg/mod/golang.org/toolchain@v0.0.1-go1.24.6.linux-amd64/src/time/sleep.go:215 +0x2d

goroutine 1 [chan receive]:
testing.(*T).Run(0xc00018a700, {0x7a0e01?, 0xc0001cbb30?}, 0x7b61c8)
	/home/z/go/pkg/mod/golang.org/toolchain@v0.0.1-go1.24.6.linux-amd64/src/testing/testing.go:1859 +0x431
testing.runTests.func1(0xc00018a700)
	/home/z/go/pkg/mod/golang.org/toolchain@v0.0.1-go1.24.6.linux-amd64/src/testing/testing.go:2279 +0x37
testing.tRunner(0xc00018a700, 0xc0001cbc70)
	/home/z/go/pkg/mod/golang.org/toolchain@v0.0.1-go1.24.6.linux-amd64/src/testing/testing.go:1792 +0xf4
testing.runTests(0xc000010390, {0xb16020, 0x7, 0x7}, {0xb66e60?, 0x7?, 0xb65740?})
	/home/z/go/pkg/mod/golang.org/toolchain@v0.0.1-go1.24.6.linux-amd64/src/testing/testing.go:2277 +0x4b4
testing.(*M).Run(0xc0000fcc80)
	/home/z/go/pkg/mod/golang.org/toolchain@v0.0.1-go1.24.6.linux-amd64/src/testing/testing.go:2142 +0x64a
main.main()
	_testmain.go:65 +0x9b

goroutine 12 [chan receive]:
testing.(*T).Run(0xc00018b500, {0x79ba7e?, 0xabafb0?}, 0xc00020aae0)
	/home/z/go/pkg/mod/golang.org/toolchain@v0.0.1-go1.24.6.linux-amd64/src/testing/testing.go:1859 +0x431
github.com/luxfi/node/wallet/keychain.TestCryptoKeychain_SLHDSA(0xc00018b500)
	/home/z/work/lux/node/wallet/keychain/keychain_test.go:87 +0x105
testing.tRunner(0xc00018b500, 0x7b61c8)
	/home/z/go/pkg/mod/golang.org/toolchain@v0.0.1-go1.24.6.linux-amd64/src/testing/testing.go:1792 +0xf4
created by testing.(*T).Run in goroutine 1
	/home/z/go/pkg/mod/golang.org/toolchain@v0.0.1-go1.24.6.linux-amd64/src/testing/testing.go:1851 +0x413

goroutine 71 [runnable]:
crypto/internal/fips140/sha256.(*Digest).Sum(0xc00021d0d0, {0x0, 0x0, 0x0})
	/home/z/go/pkg/mod/golang.org/toolchain@v0.0.1-go1.24.6.linux-amd64/src/crypto/internal/fips140/sha256/sha256.go:192 +0x173
github.com/kasperdi/SPHINCSPLUS-golang/tweakable.mgf1sha256({0xc0002492c0, 0x36, 0x40}, 0x860)
	/home/z/go/pkg/mod/github.com/kasperdi/!s!p!h!i!n!c!s!p!l!u!s-golang@v0.0.0-20231223193046-84468b93f7e9/tweakable/sha256Tweak.go:119 +0x176
github.com/kasperdi/SPHINCSPLUS-golang/tweakable.(*Sha256Tweak).F(0xc0002142e0, {0xc000141520, 0x20, 0x20}, 0x4779a9?, {0xc0003a7b00, 0x860, 0x860})
	/home/z/go/pkg/mod/github.com/kasperdi/!s!p!h!i!n!c!s!p!l!u!s-golang@v0.0.0-20231223193046-84468b93f7e9/tweakable/sha256Tweak.go:54 +0x159
github.com/kasperdi/SPHINCSPLUS-golang/tweakable.(*Sha256Tweak).T_l(0xc0000262d0?, {0xc000141520?, 0xc00024b220?, 0x20?}, 0x20?, {0xc0003a7b00?, 0xf?, 0xc000141520?})
	/home/z/go/pkg/mod/github.com/kasperdi/!s!p!h!i!n!c!s!p!l!u!s-golang@v0.0.0-20231223193046-84468b93f7e9/tweakable/sha256Tweak.go:78 +0x1d
github.com/kasperdi/SPHINCSPLUS-golang/wots.Wots_PKgen(0xc0001dc080, {0xc000141500, 0x20, 0x20}, {0xc000141520, 0x20, 0x20}, 0xc000272060)
	/home/z/go/pkg/mod/github.com/kasperdi/!s!p!h!i!n!c!s!p!l!u!s-golang@v0.0.0-20231223193046-84468b93f7e9/wots/wots.go:45 +0x347
github.com/kasperdi/SPHINCSPLUS-golang/xmss.treehash(0x401c000000000000?, {0xc000141500, 0x416886?, 0x20}, 0x0, 0xc000272060?, {0xc000141520, 0x20, 0x20}, 0xc000272060)
	/home/z/go/pkg/mod/github.com/kasperdi/!s!p!h!i!n!c!s!p!l!u!s-golang@v0.0.0-20231223193046-84468b93f7e9/xmss/xmss.go:35 +0x1e7
github.com/kasperdi/SPHINCSPLUS-golang/xmss.Xmss_sign(0xc0001dc080, {0xc000235fe0, 0x20, 0x20}, {0xc000141500, 0x20, 0x20}, 0xbd, {0xc000141520, 0x20, ...}, ...)
	/home/z/go/pkg/mod/github.com/kasperdi/!s!p!h!i!n!c!s!p!l!u!s-golang@v0.0.0-20231223193046-84468b93f7e9/xmss/xmss.go:59 +0x1fa
github.com/kasperdi/SPHINCSPLUS-golang/hypertree.Ht_sign(0xc0001dc080, {0xc0004816a0, 0x20, 0x20}, {0xc000141500, 0x20, 0x20}, {0xc000141520, 0x20, 0x20}, ...)
	/home/z/go/pkg/mod/github.com/kasperdi/!s!p!h!i!n!c!s!p!l!u!s-golang@v0.0.0-20231223193046-84468b93f7e9/hypertree/hypertree.go:46 +0x4a5
github.com/kasperdi/SPHINCSPLUS-golang/sphincs.Spx_sign(0xc0001dc080, {0xc000131998, 0x18, 0x18}, 0xc000119b60)
	/home/z/go/pkg/mod/github.com/kasperdi/!s!p!h!i!n!c!s!p!l!u!s-golang@v0.0.0-20231223193046-84468b93f7e9/sphincs/sphincs.go:115 +0x88f
github.com/luxfi/crypto/slhdsa.(*PrivateKey).Sign(0x632699413a682e4e?, {0xaa62ac112d0fe9d3?, 0x16?}, {0xc000131998?, 0x20?, 0x40?}, {0x40?, 0x40?})
	/home/z/work/lux/crypto/slhdsa/slhdsa.go:124 +0x45
github.com/luxfi/node/wallet/keychain.(*PQSigner).SignHash(0x0?, {0xc000131998, 0x18, 0x18})
	/home/z/work/lux/node/wallet/keychain/pq_keychain.go:97 +0x270
github.com/luxfi/node/wallet/keychain.(*PQSigner).Sign(0xc000119bc0, {0xc000131998, 0x18, 0x18})
	/home/z/work/lux/node/wallet/keychain/pq_keychain.go:196 +0x688
github.com/luxfi/node/wallet/keychain.TestCryptoKeychain_SLHDSA.func1(0xc0005036c0?)
	/home/z/work/lux/node/wallet/keychain/keychain_test.go:98 +0x29b
testing.tRunner(0xc0005036c0, 0xc00020aae0)
	/home/z/go/pkg/mod/golang.org/toolchain@v0.0.1-go1.24.6.linux-amd64/src/testing/testing.go:1792 +0xf4
created by testing.(*T).Run in goroutine 12
	/home/z/go/pkg/mod/golang.org/toolchain@v0.0.1-go1.24.6.linux-amd64/src/testing/testing.go:1851 +0x413
FAIL	github.com/luxfi/node/wallet/keychain	30.015s
?   	github.com/luxfi/node/wallet/net/primary/common	[no test files]
?   	github.com/luxfi/node/wallet/net/primary/common/utxotest	[no test files]
?   	github.com/luxfi/node/warp	[no test files]
ok  	github.com/luxfi/node/warp/socket	0.011s
ok  	github.com/luxfi/node/x/archivedb	0.086s
ok  	github.com/luxfi/node/x/merkledb	0.021s
ok  	github.com/luxfi/node/x/sync	2.265s
?   	github.com/luxfi/node/x/sync/g_db	[no test files]
FAIL	github.com/luxfi/node/xchain [build failed]
FAIL
